Component: ARM Compiler 5.06 update 7 (build 960) Tool: armlink [4d3601]

==============================================================================

Section Cross References

    main.o(i.main) refers to delay.o(i.Bsp_Delay_Init) for Bsp_Delay_Init
    main.o(i.main) refers to misc.o(i.NVIC_PriorityGroupConfig) for NVIC_PriorityGroupConfig
    main.o(i.main) refers to bsp_gpio_dependency.o(i.Bsp_GPIO_Pin_Init) for Bsp_GPIO_Pin_Init
    main.o(i.main) refers to myiic_upper.o(i.Myiic_init_api) for Myiic_init_api
    main.o(i.main) refers to bsp_loading_dependency.o(i.Bsp_Loading_Config_Parameters) for Bsp_Loading_Config_Parameters
    main.o(i.main) refers to bsp_usart_dependency.o(i.Bsp_Uart_Dma_SendCheck) for Bsp_Uart_Dma_SendCheck
    main.o(i.main) refers to plc_hub_upper.o(i.PLC_Hub_UpperRX_Task) for PLC_Hub_UpperRX_Task
    main.o(i.main) refers to antico_upper.o(i.ANTICO_UpperRX_Task) for ANTICO_UpperRX_Task
    main.o(i.main) refers to bsp_gpio_dependency.o(i.Bsp_IO_Deal_Task) for Bsp_IO_Deal_Task
    main.o(i.main) refers to encoder_upper.o(i.Encoder_UpperTX_Task) for Encoder_UpperTX_Task
    main.o(i.main) refers to plc_hub_upper.o(i.PLC_Hub_UpperTX_Mesg_Task) for PLC_Hub_UpperTX_Mesg_Task
    main.o(i.main) refers to music_method.o(i.Music_Play_Send_API) for Music_Play_Send_API
    main.o(i.main) refers to antico_upper.o(i.ANTICO_UpperTX_Task) for ANTICO_UpperTX_Task
    main.o(i.main) refers to motor_upper.o(i.Motor_UpperTX_Task) for Motor_UpperTX_Task
    main.o(i.main) refers to delay.o(.bss) for Tick_Time_Stru
    system_stm32f10x.o(i.SystemCoreClockUpdate) refers to system_stm32f10x.o(.data) for .data
    system_stm32f10x.o(i.SystemInit) refers to system_stm32f10x.o(i.SetSysClockTo72) for SetSysClockTo72
    public_def_type.o(i.public_pid_read_val) refers to fflti.o(.text) for __aeabi_i2f
    public_def_type.o(i.public_pid_read_val) refers to fmul.o(.text) for __aeabi_fmul
    public_def_type.o(i.public_pid_read_val) refers to fadd.o(.text) for __aeabi_fadd
    public_def_type.o(i.public_pid_read_val) refers to f2d.o(.text) for __aeabi_f2d
    public_def_type.o(i.public_pid_read_val) refers to dadd.o(.text) for __aeabi_dadd
    public_def_type.o(i.public_pid_read_val) refers to cdcmple.o(.text) for __aeabi_cdcmple
    public_def_type.o(i.public_pid_read_val) refers to cdrcmple.o(.text) for __aeabi_cdrcmple
    delay.o(i.Bsp_Delay_Init) refers to misc.o(i.SysTick_CLKSourceConfig) for SysTick_CLKSourceConfig
    delay.o(i.Bsp_Delay_Init) refers to delay.o(.data) for .data
    delay.o(i.Bsp_Delay_Init) refers to system_stm32f10x.o(.data) for SystemCoreClock
    delay.o(i.Bsp_Delay_MS) refers to delay.o(i.Bsp_Delay_US) for Bsp_Delay_US
    delay.o(i.Bsp_Delay_US) refers to delay.o(.data) for .data
    delay.o(i.SysTick_Handler) refers to delay.o(.data) for .data
    delay.o(i.SysTick_Handler) refers to delay.o(.bss) for .bss
    fifo.o(i.FIFO_ComQueueOut) refers to stm32f10x_dma.o(i.DMA_GetCurrDataCounter) for DMA_GetCurrDataCounter
    fifo.o(i.FIFO_ComQueueOut) refers to fifo.o(.bss) for .bss
    iwdg.o(i.IWDG_Feed) refers to stm32f10x_iwdg.o(i.IWDG_ReloadCounter) for IWDG_ReloadCounter
    iwdg.o(i.IWDG_Init) refers to stm32f10x_iwdg.o(i.IWDG_WriteAccessCmd) for IWDG_WriteAccessCmd
    iwdg.o(i.IWDG_Init) refers to stm32f10x_iwdg.o(i.IWDG_SetPrescaler) for IWDG_SetPrescaler
    iwdg.o(i.IWDG_Init) refers to stm32f10x_iwdg.o(i.IWDG_SetReload) for IWDG_SetReload
    iwdg.o(i.IWDG_Init) refers to stm32f10x_iwdg.o(i.IWDG_ReloadCounter) for IWDG_ReloadCounter
    iwdg.o(i.IWDG_Init) refers to stm32f10x_iwdg.o(i.IWDG_Enable) for IWDG_Enable
    myiic.o(i.Bsp_My_IIC_Ack) refers to delay.o(i.Bsp_Delay_US) for Bsp_Delay_US
    myiic.o(i.Bsp_My_IIC_Init) refers to stm32f10x_rcc.o(i.RCC_APB2PeriphClockCmd) for RCC_APB2PeriphClockCmd
    myiic.o(i.Bsp_My_IIC_Init) refers to stm32f10x_gpio.o(i.GPIO_Init) for GPIO_Init
    myiic.o(i.Bsp_My_IIC_NAck) refers to delay.o(i.Bsp_Delay_US) for Bsp_Delay_US
    myiic.o(i.Bsp_My_IIC_Read_Byte) refers to delay.o(i.Bsp_Delay_US) for Bsp_Delay_US
    myiic.o(i.Bsp_My_IIC_Read_Byte) refers to myiic.o(i.Bsp_My_IIC_Ack) for Bsp_My_IIC_Ack
    myiic.o(i.Bsp_My_IIC_Read_Byte) refers to myiic.o(i.Bsp_My_IIC_NAck) for Bsp_My_IIC_NAck
    myiic.o(i.Bsp_My_IIC_Send_Byte) refers to delay.o(i.Bsp_Delay_US) for Bsp_Delay_US
    myiic.o(i.Bsp_My_IIC_Start) refers to delay.o(i.Bsp_Delay_US) for Bsp_Delay_US
    myiic.o(i.Bsp_My_IIC_Stop) refers to delay.o(i.Bsp_Delay_US) for Bsp_Delay_US
    myiic.o(i.Bsp_My_IIC_Wait_Ack) refers to delay.o(i.Bsp_Delay_US) for Bsp_Delay_US
    myiic.o(i.Bsp_My_IIC_Wait_Ack) refers to myiic.o(i.Bsp_My_IIC_Stop) for Bsp_My_IIC_Stop
    startup_stm32f10x_hd.o(RESET) refers to startup_stm32f10x_hd.o(STACK) for __initial_sp
    startup_stm32f10x_hd.o(RESET) refers to startup_stm32f10x_hd.o(.text) for Reset_Handler
    startup_stm32f10x_hd.o(RESET) refers to stm32f10x_it.o(i.NMI_Handler) for NMI_Handler
[...]

    Symbol Name                              Value     Ov Type        Size  Object(Section)

    ../clib/microlib/init/entry.s            0x00000000   Number         0  entry12b.o ABSOLUTE
    ../clib/microlib/init/entry.s            0x00000000   Number         0  entry10b.o ABSOLUTE
    ../clib/microlib/init/entry.s            0x00000000   Number         0  entry11a.o ABSOLUTE
    ../clib/microlib/init/entry.s            0x00000000   Number         0  entry11b.o ABSOLUTE
    ../clib/microlib/init/entry.s            0x00000000   Number         0  entry12a.o ABSOLUTE
    ../clib/microlib/init/entry.s            0x00000000   Number         0  entry5.o ABSOLUTE
    ../clib/microlib/init/entry.s            0x00000000   Number         0  entry.o ABSOLUTE
    ../clib/microlib/init/entry.s            0x00000000   Number         0  entry2.o ABSOLUTE
    ../clib/microlib/init/entry.s            0x00000000   Number         0  entry7a.o ABSOLUTE
    ../clib/microlib/init/entry.s            0x00000000   Number         0  entry7b.o ABSOLUTE
    ../clib/microlib/init/entry.s            0x00000000   Number         0  entry8a.o ABSOLUTE
    ../clib/microlib/init/entry.s            0x00000000   Number         0  entry9a.o ABSOLUTE
    ../clib/microlib/init/entry.s            0x00000000   Number         0  entry8b.o ABSOLUTE
    ../clib/microlib/init/entry.s            0x00000000   Number         0  entry9b.o ABSOLUTE
    ../clib/microlib/init/entry.s            0x00000000   Number         0  entry10a.o ABSOLUTE
    ../clib/microlib/longlong.c              0x00000000   Number         0  llsshr.o ABSOLUTE
    ../clib/microlib/longlong.c              0x00000000   Number         0  llshl.o ABSOLUTE
    ../clib/microlib/longlong.c              0x00000000   Number         0  llushr.o ABSOLUTE
    ../clib/microlib/string/memcpy.c         0x00000000   Number         0  memcpyb.o ABSOLUTE
    ../clib/microlib/string/memcpy.c         0x00000000   Number         0  memcpya.o ABSOLUTE
    ../clib/microlib/string/memset.c         0x00000000   Number         0  memseta.o ABSOLUTE
    ../clib/microlib/stubs.s                 0x00000000   Number         0  iusefp.o ABSOLUTE
    ../clib/microlib/stubs.s                 0x00000000   Number         0  useno.o ABSOLUTE
    ../fplib/microlib/f2d.c                  0x00000000   Number         0  f2d.o ABSOLUTE
    ../fplib/microlib/fpadd.c                0x00000000   Number         0  fadd.o ABSOLUTE
    ../fplib/microlib/fpadd.c                0x00000000   Number         0  dadd.o ABSOLUTE
    ../fplib/microlib/fpdiv.c                0x00000000   Number         0  fdiv.o ABSOLUTE
    ../fplib/microlib/fpepilogue.c           0x00000000   Number         0  fepilogue.o ABSOLUTE
    ../fplib/microlib/fpepilogue.c           0x00000000   Number         0  depilogue.o ABSOLUTE
    ../fplib/microlib/fpfix.c                0x00000000   Number         0  ffixi.o ABSOLUTE
    ../fplib/microlib/fpflt.c                0x00000000   Number         0  fflti.o ABSOLUTE
    ../fplib/microlib/fpmul.c                0x00000000   Number         0  fmul.o ABSOLUTE
    ..\ANTICO\antico_knd_method.c            0x00000000   Number         0  antico_knd_method.o ABSOLUTE
    ..\ANTICO\antico_upper.c                 0x00000000   Number         0  antico_upper.o ABSOLUTE
    ..\BSP\CAN\bsp_can_dependency.c          0x00000000   Number         0  bsp_can_dependency.o ABSOLUTE
    ..\BSP\IO\bsp_gpio_dependency.c          0x00000000   Number         0  bsp_gpio_dependency.o ABSOLUTE
    ..\BSP\LOADING\bsp_loading_dependency.c  0x00000000   Number         0  bsp_loading_dependency.o ABSOLUTE
    ..\BSP\MODBUS\bsp_modbusrtu.c            0x00000000   Number         0  bsp_modbusrtu.o ABSOLUTE
    ..\BSP\TIME\bsp_time_dependency.c        0x00000000   Number         0  bsp_time_dependency.o ABSOLUTE
    ..\BSP\UART\bsp_usart_dependency.c       0x00000000   Number         0  bsp_usart_dependency.o ABSOLUTE
    ..\CORE\core_cm3.c                       0x00000000   Number         0  core_cm3.o ABSOLUTE
    ..\CORE\startup_stm32f10x_hd.s           0x00000000   Number         0  startup_stm32f10x_hd.o ABSOLUTE
    ..\ENCODER\encoder_tbf_method.c          0x00000000   Number         0  encoder_tbf_method.o ABSOLUTE
    ..\ENCODER\encoder_tf_method.c           0x00000000   Number         0  encoder_tf_method.o ABSOLUTE
    ..\ENCODER\encoder_upper.c               0x00000000   Number         0  encoder_upper.o ABSOLUTE
    ..\IIC\myiic_m24c64_method.c             0x00000000   Number         0  myiic_m24c64_method.o ABSOLUTE
    ..\IIC\myiic_upper.c                     0x00000000   Number         0  myiic_upper.o ABSOLUTE
    ..\MAGNET\magnet_lg_sensor_method.c      0x00000000   Number         0  magnet_lg_sensor_method.o ABSOLUTE
    ..\MAGNET\magnet_mpls_sensor_method.c    0x00000000   Number         0  magnet_mpls_sensor_method.o ABSOLUTE
    ..\MAGNET\magnet_sensor_upper.c          0x00000000   Number         0  magnet_sensor_upper.o ABSOLUTE
    ..\MAGNET\magnet_xs_sensor_method.c      0x00000000   Number         0  magnet_xs_sensor_method.o ABSOLUTE
    ..\MOTOR\motor_fork_method.c             0x00000000   Number         0  motor_fork_method.o ABSOLUTE
    ..\MOTOR\motor_lift_method.c             0x00000000   Number         0  motor_lift_method.o ABSOLUTE
    ..\MOTOR\motor_upper.c                   0x00000000   Number         0  motor_upper.o ABSOLUTE
    ..\Music\music_method.c                  0x00000000   Number         0  music_method.o ABSOLUTE
    ..\PLC\host_hub_cc_method.c              0x00000000   Number         0  host_hub_cc_method.o ABSOLUTE
    ..\PLC\plc_hub_custom_method.c           0x00000000   Number         0  plc_hub_custom_method.o ABSOLUTE
    ..\PLC\plc_hub_upper.c                   0x00000000   Number         0  plc_hub_upper.o ABSOLUTE
    ..\RFID\rfid_bjf_method.c                0x00000000   Number         0  rfid_bjf_method.o ABSOLUTE
    ..\RFID\rfid_ck_method.c                 0x00000000   Number         0  rfid_ck_method.o ABSOLUTE
    ..\RFID\rfid_lg_method.c                 0x00000000   Number         0  rfid_lg_method.o ABSOLUTE
    ..\RFID\rfid_upper.c                     0x00000000   Number         0  rfid_upper.o ABSOLUTE
    ..\RFID\rfid_xmz_method.c                0x00000000   Number         0  rfid_xmz_method.o ABSOLUTE
    ..\RFID\rfid_xs_method.c                 0x00000000   Number         0  rfid_xs_method.o ABSOLUTE
    ..\STM32F10x_FWLib\src\misc.c            0x00000000   Number         0  misc.o ABSOLUTE
    ..\STM32F10x_FWLib\src\stm32f10x_adc.c   0x00000000   Number         0  stm32f10x_adc.o ABSOLUTE
    ..\STM32F10x_FWLib\src\stm32f10x_can.c   0x00000000   Number         0  stm32f10x_can.o ABSOLUTE
    ..\STM32F10x_FWLib\src\stm32f10x_dbgmcu.c 0x00000000   Number         0  stm32f10x_dbgmcu.o ABSOLUTE
    ..\STM32F10x_FWLib\src\stm32f10x_dma.c   0x00000000   Number         0  stm32f10x_dma.o ABSOLUTE
    ..\STM32F10x_FWLib\src\stm32f10x_flash.c 0x00000000   Number         0  stm32f10x_flash.o ABSOLUTE
    ..\STM32F10x_FWLib\src\stm32f10x_gpio.c  0x00000000   Number         0  stm32f10x_gpio.o ABSOLUTE
    ..\STM32F10x_FWLib\src\stm32f10x_iwdg.c  0x00000000   Number         0  stm32f10x_iwdg.o ABSOLUTE
    ..\STM32F10x_FWLib\src\stm32f10x_rcc.c   0x00000000   Number         0  stm32f10x_rcc.o ABSOLUTE
    ..\STM32F10x_FWLib\src\stm32f10x_tim.c   0x00000000   Number         0  stm32f10x_tim.o ABSOLUTE
    ..\STM32F10x_FWLib\src\stm32f10x_usart.c 0x00000000   Number         0  stm32f10x_usart.o ABSOLUTE
    ..\SYSTEM\FIFO\FIFO.c                    0x00000000   Number         0  fifo.o ABSOLUTE
    ..\SYSTEM\IIC\myiic.c                    0x00000000   Number         0  myiic.o ABSOLUTE
    ..\SYSTEM\IWDG\iwdg.c                    0x00000000   Number         0  iwdg.o ABSOLUTE
    ..\SYSTEM\delay\delay.c                  0x00000000   Number         0  delay.o ABSOLUTE
    ..\SYSTEM\sys\sys.c                      0x00000000   Number         0  sys.o ABSOLUTE
    ..\\CORE\\core_cm3.c                     0x00000000   Number         0  core_cm3.o ABSOLUTE
    ..\\SYSTEM\\sys\\sys.c                   0x00000000   Number         0  sys.o ABSOLUTE
    cdcmple.s                                0x00000000   Number         0  cdcmple.o ABSOLUTE
    cdrcmple.s                               0x00000000   Number         0  cdrcmple.o ABSOLUTE
    cfrcmple.s                               0x00000000   Number         0  cfrcmple.o ABSOLUTE
    dc.s                                     0x00000000   Number         0  dc.o ABSOLUTE
    handlers.s                               0x00000000   Number         0  handlers.o ABSOLUTE
    init.s                                   0x00000000   Number         0  init.o ABSOLUTE
    main.c                                   0x00000000   Number         0  main.o ABSOLUTE
    public_def_type.c                        0x00000000   Number         0  public_def_type.o ABSOLUTE
    stm32f10x_it.c                           0x00000000   Number         0  stm32f10x_it.o ABSOLUTE
    system_stm32f10x.c                       0x00000000   Number         0  system_stm32f10x.o ABSOLUTE
    RESET                                    0x08003000   Section      304  startup_stm32f10x_hd.o(RESET)
    .ARM.Collect$$$$00000000                 0x08003130   Section        0  entry.o(.ARM.Collect$$$$00000000)
    .ARM.Collect$$$$00000001                 0x08003130   Section        4  entry2.o(.ARM.Collect$$$$00000001)
    .ARM.Collect$$$$00000004                 0x08003134   Section        4  entry5.o(.ARM.Collect$$$$00000004)
    .ARM.Collect$$$$00000008                 0x08003138   Section        0  entry7b.o(.ARM.Collect$$$$00000008)
    .ARM.Collect$$$$0000000A                 0x08003138   Section        0  entry8b.o(.ARM.Collect$$$$0000000A)
    .ARM.Collect$$$$0000000B                 0x08003138   Section        8  entry9a.o(.ARM.Collect$$$$0000000B)
    .ARM.Collect$$$$0000000E                 0x08003140   Section        4  entry12b.o(.ARM.Collect$$$$0000000E)
    .ARM.Collect$$$$0000000F                 0x08003144   Section        0  entry10a.o(.ARM.Collect$$$$0000000F)
    .ARM.Collect$$$$00000011                 0x08003144   Section        0  entry11a.o(.ARM.Collect$$$$00000011)
    .ARM.Collect$$$$00002712                 0x08003144   Section        4  entry2.o(.ARM.Collect$$$$00002712)
    __lit__00000000                          0x08003144   Data           4  entry2.o(.ARM.Collect$$$$00002712)
    .text                                    0x08003148   Section       36  startup_stm32f10x_hd.o(.text)
    .text                                    0x0800316c   Section        0  memseta.o(.text)
    .text                                    0x08003190   Section        0  fadd.o(.text)
    .text                                    0x08003240   Section        0  fmul.o(.text)
    .text                                    0x080032a4   Section        0  fdiv.o(.text)
    .text                                    0x08003320   Section        0  fflti.o(.text)
    .text                                    0x08003332   Section        0  ffixi.o(.text)
    .text                                    0x08003364   Section       20  cfrcmple.o(.text)
    .text                                    0x08003378   Section        0  fepilogue.o(.text)
    .text                                    0x08003378   Section        0  iusefp.o(.text)
    .text                                    0x080033e8   Section       36  init.o(.text)
    i.ANTICO_KND_RX_Task                     0x0800340c   Section        0  antico_knd_method.o(i.ANTICO_KND_RX_Task)
    i.ANTICO_KND_Send_Task                   0x08003514   Section        0  antico_knd_method.o(i.ANTICO_KND_Send_Task)
    i.ANTICO_Read_KND_Data                   0x08003654   Section        0  antico_knd_method.o(i.ANTICO_Read_KND_Data)
    ANTICO_Read_KND_Data                     0x08003655   Thumb Code   196  antico_knd_method.o(i.ANTICO_Read_KND_Data)
    i.ANTICO_UpperRX_Task                    0x0800371c   Section        0  antico_upper.o(i.ANTICO_UpperRX_Task)
    i.ANTICO_UpperTX_Task                    0x08003730   Section        0  antico_upper.o(i.ANTICO_UpperTX_Task)
    i.Bsp_Delay_Init                         0x08003744   Section        0  delay.o(i.Bsp_Delay_Init)
    i.Bsp_Delay_MS                           0x0800378c   Section        0  delay.o(i.Bsp_Delay_MS)
    i.Bsp_Delay_US                           0x08003798   Section        0  delay.o(i.Bsp_Delay_US)
    i.Bsp_GPIO_Pin_Init                      0x080037cc   Section        0  bsp_gpio_dependency.o(i.Bsp_GPIO_Pin_Init)
    i.Bsp_IO_Deal_Task                       0x080037da   Section        0  bsp_gpio_dependency.o(i.Bsp_IO_Deal_Task)
    i.Bsp_Loading_Config_Parameters          0x080037ec   Section        0  bsp_loading_dependency.o(i.Bsp_Loading_Config_Parameters)
    i.Bsp_ModbusRTU_CRC                      0x0800392c   Section        0  bsp_modbusrtu.o(i.Bsp_ModbusRTU_CRC)
    i.Bsp_My_IIC_Ack                         0x08003958   Section        0  myiic.o(i.Bsp_My_IIC_Ack)
    i.Bsp_My_IIC_Init                        0x08003998   Section        0  myiic.o(i.Bsp_My_IIC_Init)
    i.Bsp_My_IIC_NAck                        0x080039d4   Section        0  myiic.o(i.Bsp_My_IIC_NAck)
    i.Bsp_My_IIC_Read_Byte                   0x08003a14   Section        0  myiic.o(i.Bsp_My_IIC_Read_Byte)
    i.Bsp_My_IIC_Send_Byte                   0x08003a80   Section        0  myiic.o(i.Bsp_My_IIC_Send_Byte)
    i.Bsp_My_IIC_Start                       0x08003ae0   Section        0  myiic.o(i.Bsp_My_IIC_Start)
    i.Bsp_My_IIC_Stop                        0x08003b20   Section        0  myiic.o(i.Bsp_My_IIC_Stop)
    i.Bsp_My_IIC_Wait_Ack                    0x08003b68   Section        0  myiic.o(i.Bsp_My_IIC_Wait_Ack)
    i.Bsp_U32ToFloat                         0x08003bc0   Section        0  bsp_modbusrtu.o(i.Bsp_U32ToFloat)
    i.Bsp_Uart_Dma_SendCheck                 0x08003bc4   Section        0  bsp_usart_dependency.o(i.Bsp_Uart_Dma_SendCheck)
    i.Bsp_Usart_Config_Init                  0x08003cec   Section        0  bsp_usart_dependency.o(i.Bsp_Usart_Config_Init)
    i.Bsp_Usart_DMA_Config                   0x08003f34   Section        0  bsp_usart_dependency.o(i.Bsp_Usart_DMA_Config)
    Bsp_Usart_DMA_Config                     0x08003f35   Thumb Code   820  bsp_usart_dependency.o(i.Bsp_Usart_DMA_Config)
    i.Bsp_Usart_Dma_Recv_Config              0x080042a4   Section        0  bsp_usart_dependency.o(i.Bsp_Usart_Dma_Recv_Config)
    Bsp_Usart_Dma_Recv_Config                0x080042a5   Thumb Code    30  bsp_usart_dependency.o(i.Bsp_Usart_Dma_Recv_Config)
    i.Bsp_Usart_Dma_Send_Config              0x080042c2   Section        0  bsp_usart_dependency.o(i.Bsp_Usart_Dma_Send_Config)
    Bsp_Usart_Dma_Send_Config                0x080042c3   Thumb Code    30  bsp_usart_dependency.o(i.Bsp_Usart_Dma_Send_Config)
    i.Bsp_Usart_Nvic_Config                  0x080042e0   Section        0  bsp_usart_dependency.o(i.Bsp_Usart_Nvic_Config)
    Bsp_Usart_Nvic_Config                    0x080042e1   Thumb Code    28  bsp_usart_dependency.o(i.Bsp_Usart_Nvic_Config)
    i.Bsp_Usart_Usr_SendArray                0x080042fc   Section        0  bsp_usart_dependency.o(i.Bsp_Usart_Usr_SendArray)
    i.Bsp_Usart_WriteFIFO_Buffer             0x08004374   Section        0  bsp_usart_dependency.o(i.Bsp_Usart_WriteFIFO_Buffer)
    Bsp_Usart_WriteFIFO_Buffer               0x08004375   Thumb Code    34  bsp_usart_dependency.o(i.Bsp_Usart_WriteFIFO_Buffer)
    i.Bsp_XorCheck                           0x08004396   Section        0  bsp_modbusrtu.o(i.Bsp_XorCheck)
    i.BusFault_Handler                       0x080043ae   Section        0  stm32f10x_it.o(i.BusFault_Handler)
    i.CAN1_Init                              0x080043b0   Section        0  bsp_can_dependency.o(i.CAN1_Init)
    i.CAN1_Node_Hearbeat                     0x08004498   Section        0  bsp_can_dependency.o(i.CAN1_Node_Hearbeat)
    i.CAN1_Send_One_Frame_Data               0x080044e8   Section        0  bsp_can_dependency.o(i.CAN1_Send_One_Frame_Data)
    i.CAN1_Start_Node                        0x08004540   Section        0  bsp_can_dependency.o(i.CAN1_Start_Node)
    i.CAN_DeInit                             0x08004590   Section        0  stm32f10x_can.o(i.CAN_DeInit)
    i.CAN_FilterInit                         0x080045bc   Section        0  stm32f10x_can.o(i.CAN_FilterInit)
    i.CAN_ITConfig                           0x08004688   Section        0  stm32f10x_can.o(i.CAN_ITConfig)
    i.CAN_Init                               0x08004698   Section        0  stm32f10x_can.o(i.CAN_Init)
    i.CAN_Receive                            0x08004780   Section        0  stm32f10x_can.o(i.CAN_Receive)
    i.CAN_StructInit                         0x0800480e   Section        0  stm32f10x_can.o(i.CAN_StructInit)
    i.CAN_Transmit                           0x0800482e   Section        0  stm32f10x_can.o(i.CAN_Transmit)
    i.CAN_TransmitStatus                     0x080048ec   Section        0  stm32f10x_can.o(i.CAN_TransmitStatus)
    i.Ctrl_Cmd_Deal                          0x08004958   Section        0  bsp_gpio_dependency.o(i.Ctrl_Cmd_Deal)
    i.DMA1_Channel2_IRQHandler               0x080049bc   Section        0  bsp_usart_dependency.o(i.DMA1_Channel2_IRQHandler)
    i.DMA1_Channel3_IRQHandler               0x080049fc   Section        0  bsp_usart_dependency.o(i.DMA1_Channel3_IRQHandler)
    i.DMA1_Channel4_IRQHandler               0x08004a48   Section        0  bsp_usart_dependency.o(i.DMA1_Channel4_IRQHandler)
    i.DMA1_Channel5_IRQHandler               0x08004a8c   Section        0  bsp_usart_dependency.o(i.DMA1_Channel5_IRQHandler)
    i.DMA1_Channel6_IRQHandler               0x08004ad8   Section        0  bsp_usart_dependency.o(i.DMA1_Channel6_IRQHandler)
    i.DMA1_Channel7_IRQHandler               0x08004b24   Section        0  bsp_usart_dependency.o(i.DMA1_Channel7_IRQHandler)
    i.DMA2_Channel3_IRQHandler               0x08004b68   Section        0  bsp_usart_dependency.o(i.DMA2_Channel3_IRQHandler)
    i.DMA2_Channel4_5_IRQHandler             0x08004bb8   Section        0  bsp_usart_dependency.o(i.DMA2_Channel4_5_IRQHandler)
    i.DMA_ClearFlag                          0x08004c00   Section        0  stm32f10x_dma.o(i.DMA_ClearFlag)
    i.DMA_Cmd                                0x08004c18   Section        0  stm32f10x_dma.o(i.DMA_Cmd)
    i.DMA_DeInit                             0x08004c30   Section        0  stm32f10x_dma.o(i.DMA_DeInit)
    i.DMA_GetCurrDataCounter                 0x08004d14   Section        0  stm32f10x_dma.o(i.DMA_GetCurrDataCounter)
    i.DMA_GetFlagStatus                      0x08004d1c   Section        0  stm32f10x_dma.o(i.DMA_GetFlagStatus)
    i.DMA_ITConfig                           0x08004d3c   Section        0  stm32f10x_dma.o(i.DMA_ITConfig)
    i.DMA_Init                               0x08004d4c   Section        0  stm32f10x_dma.o(i.DMA_Init)
    i.DebugMon_Handler                       0x08004d86   Section        0  stm32f10x_it.o(i.DebugMon_Handler)
    i.Encoder_UpperRX_CAN_Task               0x08004d88   Section        0  encoder_upper.o(i.Encoder_UpperRX_CAN_Task)
    i.Encoder_UpperTX_Task                   0x08004da4   Section        0  encoder_upper.o(i.Encoder_UpperTX_Task)
    i.Encoder_tbf_CAN_Isr                    0x08004dc0   Section        0  encoder_tbf_method.o(i.Encoder_tbf_CAN_Isr)
    i.Encoder_tbf_SendAPI                    0x08004e24   Section        0  encoder_tbf_method.o(i.Encoder_tbf_SendAPI)
    i.Encoder_tf_CAN_Isr                     0x08004ff8   Section        0  encoder_tf_method.o(i.Encoder_tf_CAN_Isr)
    i.Encoder_tf_SendAPI                     0x08005044   Section        0  encoder_tf_method.o(i.Encoder_tf_SendAPI)
    i.FIFO_BuffInit                          0x080050a4   Section        0  fifo.o(i.FIFO_BuffInit)
    i.FIFO_ComQueueIn                        0x080050b8   Section        0  fifo.o(i.FIFO_ComQueueIn)
    i.FIFO_ComQueueOut                       0x080050ec   Section        0  fifo.o(i.FIFO_ComQueueOut)
    i.Fork_Task_Deal                         0x0800519c   Section        0  motor_fork_method.o(i.Fork_Task_Deal)
    i.GPIO_Init                              0x080051e8   Section        0  stm32f10x_gpio.o(i.GPIO_Init)
    i.GPIO_PinRemapConfig                    0x08005284   Section        0  stm32f10x_gpio.o(i.GPIO_PinRemapConfig)
    i.GPIO_ResetBits                         0x080052dc   Section        0  stm32f10x_gpio.o(i.GPIO_ResetBits)
    i.GPIO_SetBits                           0x080052e0   Section        0  stm32f10x_gpio.o(i.GPIO_SetBits)
    i.Get_IO_State                           0x080052e4   Section        0  bsp_gpio_dependency.o(i.Get_IO_State)
    Get_IO_State                             0x080052e5   Thumb Code   506  bsp_gpio_dependency.o(i.Get_IO_State)
    i.HardFault_Handler                      0x080054f0   Section        0  stm32f10x_it.o(i.HardFault_Handler)
    i.Input_Init                             0x080054f4   Section        0  bsp_gpio_dependency.o(i.Input_Init)
    Input_Init                               0x080054f5   Thumb Code   158  bsp_gpio_dependency.o(i.Input_Init)
    i.Lift_Task_Deal                         0x080055a8   Section        0  motor_lift_method.o(i.Lift_Task_Deal)
    i.Light_Ctrl                             0x080057cc   Section        0  bsp_gpio_dependency.o(i.Light_Ctrl)
    i.MemManage_Handler                      0x080059f4   Section        0  stm32f10x_it.o(i.MemManage_Handler)
    i.Motor_TY_CAN_RX_Handler                0x080059f8   Section        0  motor_lift_method.o(i.Motor_TY_CAN_RX_Handler)
    i.Motor_UpperRX_CAN_Handler_Task         0x08005a9c   Section        0  motor_upper.o(i.Motor_UpperRX_CAN_Handler_Task)
    i.Motor_UpperTX_Task                     0x08005ab8   Section        0  motor_upper.o(i.Motor_UpperTX_Task)
    i.Motor_WC_CAN_RX_Handler                0x08005ad4   Section        0  motor_fork_method.o(i.Motor_WC_CAN_RX_Handler)
    i.Music_Play_Send_API                    0x08005b60   Section        0  music_method.o(i.Music_Play_Send_API)
    i.Myiic_init_api                         0x08005c80   Section        0  myiic_upper.o(i.Myiic_init_api)
    i.NMI_Handler                            0x08005c84   Section        0  stm32f10x_it.o(i.NMI_Handler)
    i.NVIC_Init                              0x08005c88   Section        0  misc.o(i.NVIC_Init)
    i.NVIC_PriorityGroupConfig               0x08005cec   Section        0  misc.o(i.NVIC_PriorityGroupConfig)
    i.Output_Init                            0x08005d00   Section        0  bsp_gpio_dependency.o(i.Output_Init)
    Output_Init                              0x08005d01   Thumb Code   116  bsp_gpio_dependency.o(i.Output_Init)
    i.PLC_Hub_CustomRX_Task                  0x08005d84   Section        0  plc_hub_custom_method.o(i.PLC_Hub_CustomRX_Task)
    i.PLC_Hub_CustomReadData                 0x08005f58   Section        0  plc_hub_custom_method.o(i.PLC_Hub_CustomReadData)
    PLC_Hub_CustomReadData                   0x08005f59   Thumb Code   272  plc_hub_custom_method.o(i.PLC_Hub_CustomReadData)
    i.PLC_Hub_CustomTX_Mesg_Ask              0x08006068   Section        0  plc_hub_custom_method.o(i.PLC_Hub_CustomTX_Mesg_Ask)
    i.PLC_Hub_UpperRX_Task                   0x0800614c   Section        0  plc_hub_upper.o(i.PLC_Hub_UpperRX_Task)
    i.PLC_Hub_UpperTX_Mesg_Task              0x08006164   Section        0  plc_hub_upper.o(i.PLC_Hub_UpperTX_Mesg_Task)
    i.PendSV_Handler                         0x0800617c   Section        0  stm32f10x_it.o(i.PendSV_Handler)
    i.RCC_AHBPeriphClockCmd                  0x08006180   Section        0  stm32f10x_rcc.o(i.RCC_AHBPeriphClockCmd)
    i.RCC_APB1PeriphClockCmd                 0x08006198   Section        0  stm32f10x_rcc.o(i.RCC_APB1PeriphClockCmd)
    i.RCC_APB1PeriphResetCmd                 0x080061b0   Section        0  stm32f10x_rcc.o(i.RCC_APB1PeriphResetCmd)
    i.RCC_APB2PeriphClockCmd                 0x080061c8   Section        0  stm32f10x_rcc.o(i.RCC_APB2PeriphClockCmd)
    i.RCC_GetClocksFreq                      0x080061e0   Section        0  stm32f10x_rcc.o(i.RCC_GetClocksFreq)
    i.SVC_Handler                            0x08006274   Section        0  stm32f10x_it.o(i.SVC_Handler)
    i.SetSysClockTo72                        0x08006278   Section        0  system_stm32f10x.o(i.SetSysClockTo72)
    SetSysClockTo72                          0x08006279   Thumb Code   160  system_stm32f10x.o(i.SetSysClockTo72)
    i.SysTick_CLKSourceConfig                0x08006320   Section        0  misc.o(i.SysTick_CLKSourceConfig)
    i.SysTick_Handler                        0x08006338   Section        0  delay.o(i.SysTick_Handler)
    i.SystemInit                             0x080063cc   Section        0  system_stm32f10x.o(i.SystemInit)
    i.TIM3_IRQHandler                        0x0800641c   Section        0  bsp_time_dependency.o(i.TIM3_IRQHandler)
    i.TIM_ClearITPendingBit                  0x08006440   Section        0  stm32f10x_tim.o(i.TIM_ClearITPendingBit)
    i.TIM_GetITStatus                        0x08006446   Section        0  stm32f10x_tim.o(i.TIM_GetITStatus)
    i.UART5_IRQHandler                       0x08006460   Section        0  bsp_usart_dependency.o(i.UART5_IRQHandler)
    i.USART_ClearFlag                        0x080064c0   Section        0  stm32f10x_usart.o(i.USART_ClearFlag)
    i.USART_ClearITPendingBit                0x080064c6   Section        0  stm32f10x_usart.o(i.USART_ClearITPendingBit)
    i.USART_Cmd                              0x080064d2   Section        0  stm32f10x_usart.o(i.USART_Cmd)
    i.USART_DMACmd                           0x080064e6   Section        0  stm32f10x_usart.o(i.USART_DMACmd)
    i.USART_GetITStatus                      0x080064f6   Section        0  stm32f10x_usart.o(i.USART_GetITStatus)
    i.USART_ITConfig                         0x08006534   Section        0  stm32f10x_usart.o(i.USART_ITConfig)
    i.USART_Init                             0x08006564   Section        0  stm32f10x_usart.o(i.USART_Init)
    i.USART_ReceiveData                      0x08006610   Section        0  stm32f10x_usart.o(i.USART_ReceiveData)
    i.USART_SendData                         0x08006618   Section        0  stm32f10x_usart.o(i.USART_SendData)
    i.USB_LP_CAN1_RX0_IRQHandler             0x08006620   Section        0  bsp_can_dependency.o(i.USB_LP_CAN1_RX0_IRQHandler)
    i.UsageFault_Handler                     0x08006658   Section        0  stm32f10x_it.o(i.UsageFault_Handler)
    i.__scatterload_copy                     0x0800665a   Section       14  handlers.o(i.__scatterload_copy)
    i.__scatterload_null                     0x08006668   Section        2  handlers.o(i.__scatterload_null)
    i.__scatterload_zeroinit                 0x0800666a   Section       14  handlers.o(i.__scatterload_zeroinit)
    i._fork_action_task                      0x08006678   Section        0  motor_fork_method.o(i._fork_action_task)
    _fork_action_task                        0x08006679   Thumb Code   714  motor_fork_method.o(i._fork_action_task)
    i._fork_can_send_step                    0x0800695c   Section        0  motor_fork_method.o(i._fork_can_send_step)
    _fork_can_send_step                      0x0800695d   Thumb Code   404  motor_fork_method.o(i._fork_can_send_step)
    i._fork_canopen_senddata                 0x08006af8   Section        0  motor_fork_method.o(i._fork_canopen_senddata)
    _fork_canopen_senddata                   0x08006af9   Thumb Code    58  motor_fork_method.o(i._fork_canopen_senddata)
    i._fork_err_check                        0x08006b34   Section        0  motor_fork_method.o(i._fork_err_check)
    _fork_err_check                          0x08006b35   Thumb Code   182  motor_fork_method.o(i._fork_err_check)
    i._lift_can_send_step                    0x08006bf8   Section        0  motor_lift_method.o(i._lift_can_send_step)
    _lift_can_send_step                      0x08006bf9   Thumb Code   688  motor_lift_method.o(i._lift_can_send_step)
    i._lift_canopen_senddata                 0x08006eb4   Section        0  motor_lift_method.o(i._lift_canopen_senddata)
    _lift_canopen_senddata                   0x08006eb5   Thumb Code    62  motor_lift_method.o(i._lift_canopen_senddata)
    i._lift_err_check                        0x08006ef4   Section        0  motor_lift_method.o(i._lift_err_check)
    _lift_err_check                          0x08006ef5   Thumb Code   464  motor_lift_method.o(i._lift_err_check)
    i.device_m24C64_read                     0x080070d8   Section        0  myiic_m24c64_method.o(i.device_m24C64_read)
    i.device_m24C64_write                    0x080070fa   Section        0  myiic_m24c64_method.o(i.device_m24C64_write)
    i.fork_all_operation_enabled             0x08007150   Section        0  motor_fork_method.o(i.fork_all_operation_enabled)
    fork_all_operation_enabled               0x08007151   Thumb Code    32  motor_fork_method.o(i.fork_all_operation_enabled)
    i.fork_apply_soft_limit_speed            0x08007174   Section        0  motor_fork_method.o(i.fork_apply_soft_limit_speed)
    fork_apply_soft_limit_speed              0x08007175   Thumb Code   126  motor_fork_method.o(i.fork_apply_soft_limit_speed)
    i.fork_float_to_s32                      0x080071f8   Section        0  motor_fork_method.o(i.fork_float_to_s32)
    fork_float_to_s32                        0x080071f9   Thumb Code    30  motor_fork_method.o(i.fork_float_to_s32)
    i.fork_get_drv_speed_step_by_rpm         0x08007216   Section        0  motor_fork_method.o(i.fork_get_drv_speed_step_by_rpm)
    fork_get_drv_speed_step_by_rpm           0x08007217   Thumb Code    26  motor_fork_method.o(i.fork_get_drv_speed_step_by_rpm)
    i.fork_get_pos_remain_by_dir             0x08007230   Section        0  motor_fork_method.o(i.fork_get_pos_remain_by_dir)
    fork_get_pos_remain_by_dir               0x08007231   Thumb Code    28  motor_fork_method.o(i.fork_get_pos_remain_by_dir)
    i.fork_is_operation_enabled              0x0800724c   Section        0  motor_fork_method.o(i.fork_is_operation_enabled)
    fork_is_operation_enabled                0x0800724d   Thumb Code    16  motor_fork_method.o(i.fork_is_operation_enabled)
    i.fork_limit_s32                         0x0800725c   Section        0  motor_fork_method.o(i.fork_limit_s32)
    fork_limit_s32                           0x0800725d   Thumb Code    16  motor_fork_method.o(i.fork_limit_s32)
    i.fork_linear_rpm_by_dist                0x0800726c   Section        0  motor_fork_method.o(i.fork_linear_rpm_by_dist)
    fork_linear_rpm_by_dist                  0x0800726d   Thumb Code    50  motor_fork_method.o(i.fork_linear_rpm_by_dist)
    i.fork_motor_rpm_to_drv_s32              0x080072a0   Section        0  motor_fork_method.o(i.fork_motor_rpm_to_drv_s32)
    fork_motor_rpm_to_drv_s32                0x080072a1   Thumb Code    80  motor_fork_method.o(i.fork_motor_rpm_to_drv_s32)
    i.fork_sync_speed                        0x08007300   Section        0  motor_fork_method.o(i.fork_sync_speed)
    fork_sync_speed                          0x08007301   Thumb Code   192  motor_fork_method.o(i.fork_sync_speed)
    i.fork_valid_float                       0x080073cc   Section        0  motor_fork_method.o(i.fork_valid_float)
    fork_valid_float                         0x080073cd   Thumb Code    10  motor_fork_method.o(i.fork_valid_float)
    i.main                                   0x080073d8   Section        0  main.o(i.main)
    i.music_com_read_buf                     0x0800747c   Section        0  music_method.o(i.music_com_read_buf)
    music_com_read_buf                       0x0800747d   Thumb Code   182  music_method.o(i.music_com_read_buf)
    i.myiic_read_24c64_api                   0x08007532   Section        0  myiic_upper.o(i.myiic_read_24c64_api)
    i.myiic_write_24c64_api                  0x08007542   Section        0  myiic_upper.o(i.myiic_write_24c64_api)
    i.prv_M24C64ReadOneByte                  0x08007552   Section        0  myiic_m24c64_method.o(i.prv_M24C64ReadOneByte)
    prv_M24C64ReadOneByte                    0x08007553   Thumb Code    68  myiic_m24c64_method.o(i.prv_M24C64ReadOneByte)
    .constdata                               0x08007596   Section      512  bsp_modbusrtu.o(.constdata)
    auc_crc_hi                               0x08007596   Data         256  bsp_modbusrtu.o(.constdata)
    auc_crc_low                              0x08007696   Data         256  bsp_modbusrtu.o(.constdata)
    .constdata                               0x08007798   Section        8  encoder_tbf_method.o(.constdata)
    encoder_tbf_pos_comp_mm                  0x08007798   Data           8  encoder_tbf_method.o(.constdata)
    .data                                    0x20000000   Section       20  system_stm32f10x.o(.data)
    .data                                    0x20000014   Section        4  delay.o(.data)
    fac_us                                   0x20000014   Data           1  delay.o(.data)
    time_all_cnt                             0x20000016   Data           2  delay.o(.data)
    .data                                    0x20000018   Section       20  stm32f10x_rcc.o(.data)
    ADCPrescTable                            0x20000018   Data           4  stm32f10x_rcc.o(.data)
    APBAHBPrescTable                         0x2000001c   Data          16  stm32f10x_rcc.o(.data)
    .data                                    0x2000002c   Section        4  bsp_gpio_dependency.o(.data)
    timer                                    0x2000002c   Data           2  bsp_gpio_dependency.o(.data)
    timer                                    0x2000002e   Data           2  bsp_gpio_dependency.o(.data)
    .data                                    0x20000030   Section        2  music_method.o(.data)
    _upload_music_number                     0x20000030   Data           1  music_method.o(.data)
    music_send_cnt                           0x20000031   Data           1  music_method.o(.data)
    .data                                    0x20000034   Section       24  motor_fork_method.o(.data)
    fork_power_on_delay_done                 0x20000034   Data           1  motor_fork_method.o(.data)
    fork_op_disable_cnt                      0x20000035   Data           1  motor_fork_method.o(.data)
    fork_auto_target_valid                   0x20000036   Data           1  motor_fork_method.o(.data)
    fork_power_on_delay                      0x20000038   Data           2  motor_fork_method.o(.data)
    fork_base_spd                            0x2000003c   Data           4  motor_fork_method.o(.data)
    fork_auto_last_target_pos                0x20000040   Data           4  motor_fork_method.o(.data)
    fork_auto_task_max_rpm                   0x20000044   Data           4  motor_fork_method.o(.data)
    fork_auto_move_dir                       0x20000048   Data           4  motor_fork_method.o(.data)
    .data                                    0x2000004c   Section       26  motor_lift_method.o(.data)
    timer_stop                               0x2000004c   Data           1  motor_lift_method.o(.data)
    timer_run                                0x2000004d   Data           1  motor_lift_method.o(.data)
    input_timer                              0x2000004e   Data           2  motor_lift_method.o(.data)
    speed_timer                              0x20000050   Data           4  motor_lift_method.o(.data)
    input_timer                              0x20000054   Data           4  motor_lift_method.o(.data)
    timer_start                              0x20000058   Data           6  motor_lift_method.o(.data)
    timer_reset                              0x2000005e   Data           8  motor_lift_method.o(.data)
    .data                                    0x20000066   Section        2  encoder_tbf_method.o(.data)
    start_bit                                0x20000066   Data           1  encoder_tbf_method.o(.data)
    offset_read_delay_cnt                    0x20000067   Data           1  encoder_tbf_method.o(.data)
    .bss                                     0x20000068   Section       10  delay.o(.bss)
    .bss                                     0x20000074   Section     2112  fifo.o(.bss)
    .bss                                     0x200008b4   Section      528  fifo.o(.bss)
    .bss                                     0x20000ac4   Section      528  fifo.o(.bss)
    .bss                                     0x20000cd4   Section      528  fifo.o(.bss)
    .bss                                     0x20000ee4   Section      528  fifo.o(.bss)
    .bss                                     0x200010f4   Section      528  fifo.o(.bss)
    .bss                                     0x20001304   Section      528  fifo.o(.bss)
    .bss                                     0x20001514   Section       12  bsp_loading_dependency.o(.bss)
    .bss                                     0x20001520   Section      262  bsp_usart_dependency.o(.bss)
    .bss                                     0x20001626   Section      262  bsp_usart_dependency.o(.bss)
    .bss                                     0x2000172c   Section      262  bsp_usart_dependency.o(.bss)
    .bss                                     0x20001832   Section      262  bsp_usart_dependency.o(.bss)
    .bss                                     0x20001938   Section      262  bsp_usart_dependency.o(.bss)
    .bss                                     0x20001a3e   Section       82  plc_hub_upper.o(.bss)
    .bss                                     0x20001a90   Section      131  motor_upper.o(.bss)
    .bss                                     0x20001b13   Section       46  antico_upper.o(.bss)
    .bss                                     0x20001b41   Section       35  encoder_upper.o(.bss)
    STACK                                    0x20001b68   Section     4096  startup_stm32f10x_hd.o(STACK)
    .ARM.__AT_0x2000BFF0                     0x2000bff0   Section        4  plc_hub_custom_method.o(.ARM.__AT_0x2000BFF0)

    Global Symbols

    Symbol Name                              Value     Ov Type        Size  Object(Section)

    BuildAttributes$$THM_ISAv4$P$D$K$B$S$PE$A:L22UL41UL21$X:L11$S22US41US21$IEEE1$IW$USESV6$~STKCKD$USESV7$~SHL$OTIME$ROPI$EBA8$MICROLIB$REQ8$PRES8$EABIv2 0x00000000   Number         0  anon$$obj.o ABSOLUTE
    __ARM_use_no_argv                        0x00000000   Number         0  main.o ABSOLUTE
    __use_no_errno                           0x00000000   Number         0  useno.o ABSOLUTE
    __use_no_exception_handling              0x00000000   Number         0  useno.o ABSOLUTE
    __use_no_fp                              0x00000000   Number         0  useno.o ABSOLUTE
    __use_no_heap                            0x00000000   Number         0  useno.o ABSOLUTE
    __use_no_heap_region                     0x00000000   Number         0  useno.o ABSOLUTE
    __use_no_semihosting                     0x00000000   Number         0  useno.o ABSOLUTE
    __use_no_semihosting_swi                 0x00000000   Number         0  useno.o ABSOLUTE
    __use_no_signal_handling                 0x00000000   Number         0  useno.o ABSOLUTE
    __arm_fini_                               - Undefined Weak Reference
    __cpp_initialize__aeabi_                  - Undefined Weak Reference
    __cxa_finalize                            - Undefined Weak Reference
    __decompress                              - Undefined Weak Reference
    _clock_init                               - Undefined Weak Reference
    _microlib_exit                            - Undefined Weak Reference
    __Vectors_Size                           0x00000130   Number         0  startup_stm32f10x_hd.o ABSOLUTE
    __Vectors                                0x08003000   Data           4  startup_stm32f10x_hd.o(RESET)
    __Vectors_End                            0x08003130   Data           0  startup_stm32f10x_hd.o(RESET)
    __main                                   0x08003131   Thumb Code     0  entry.o(.ARM.Collect$$$$00000000)
    _main_stk                                0x08003131   Thumb Code     0  entry2.o(.ARM.Collect$$$$00000001)
    _main_scatterload                        0x08003135   Thumb Code     0  entry5.o(.ARM.Collect$$$$00000004)
    __main_after_scatterload                 0x08003139   Thumb Code     0  entry5.o(.ARM.Collect$$$$00000004)
    _main_clock                              0x08003139   Thumb Code     0  entry7b.o(.ARM.Collect$$$$00000008)
    _main_cpp_init                           0x08003139   Thumb Code     0  entry8b.o(.ARM.Collect$$$$0000000A)
    _main_init                               0x08003139   Thumb Code     0  entry9a.o(.ARM.Collect$$$$0000000B)
    __rt_lib_shutdown_fini                   0x08003141   Thumb Code     0  entry12b.o(.ARM.Collect$$$$0000000E)
    __rt_final_cpp                           0x08003145   Thumb Code     0  entry10a.o(.ARM.Collect$$$$0000000F)
    __rt_final_exit                          0x08003145   Thumb Code     0  entry11a.o(.ARM.Collect$$$$00000011)
    Reset_Handler                            0x08003149   Thumb Code     8  startup_stm32f10x_hd.o(.text)
    ADC1_2_IRQHandler                        0x08003163   Thumb Code     0  startup_stm32f10x_hd.o(.text)
    ADC3_IRQHandler                          0x08003163   Thumb Code     0  startup_stm32f10x_hd.o(.text)
    CAN1_RX1_IRQHandler                      0x08003163   Thumb Code     0  startup_stm32f10x_hd.o(.text)
    CAN1_SCE_IRQHandler                      0x08003163   Thumb Code     0  startup_stm32f10x_hd.o(.text)
    DMA1_Channel1_IRQHandler                 0x08003163   Thumb Code     0  startup_stm32f10x_hd.o(.text)
    DMA2_Channel1_IRQHandler                 0x08003163   Thumb Code     0  startup_stm32f10x_hd.o(.text)
    DMA2_Channel2_IRQHandler                 0x08003163   Thumb Code     0  startup_stm32f10x_hd.o(.text)
    EXTI0_IRQHandler                         0x08003163   Thumb Code     0  startup_stm32f10x_hd.o(.text)
    EXTI15_10_IRQHandler                     0x08003163   Thumb Code     0  startup_stm32f10x_hd.o(.text)
    EXTI1_IRQHandler                         0x08003163   Thumb Code     0  startup_stm32f10x_hd.o(.text)
    EXTI2_IRQHandler                         0x08003163   Thumb Code     0  startup_stm32f10x_hd.o(.text)
    EXTI3_IRQHandler                         0x08003163   Thumb Code     0  startup_stm32f10x_hd.o(.text)
    EXTI4_IRQHandler                         0x08003163   Thumb Code     0  startup_stm32f10x_hd.o(.text)
    EXTI9_5_IRQHandler                       0x08003163   Thumb Code     0  startup_stm32f10x_hd.o(.text)
    FLASH_IRQHandler                         0x08003163   Thumb Code     0  startup_stm32f10x_hd.o(.text)
    FSMC_IRQHandler                          0x08003163   Thumb Code     0  startup_stm32f10x_hd.o(.text)
    I2C1_ER_IRQHandler                       0x08003163   Thumb Code     0  startup_stm32f10x_hd.o(.text)
    I2C1_EV_IRQHandler                       0x08003163   Thumb Code     0  startup_stm32f10x_hd.o(.text)
    I2C2_ER_IRQHandler                       0x08003163   Thumb Code     0  startup_stm32f10x_hd.o(.text)
    I2C2_EV_IRQHandler                       0x08003163   Thumb Code     0  startup_stm32f10x_hd.o(.text)
    PVD_IRQHandler                           0x08003163   Thumb Code     0  startup_stm32f10x_hd.o(.text)
    RCC_IRQHandler                           0x08003163   Thumb Code     0  startup_stm32f10x_hd.o(.text)
    RTCAlarm_IRQHandler                      0x08003163   Thumb Code     0  startup_stm32f10x_hd.o(.text)
    RTC_IRQHandler                           0x08003163   Thumb Code     0  startup_stm32f10x_hd.o(.text)
    SDIO_IRQHandler                          0x08003163   Thumb Code     0  startup_stm32f10x_hd.o(.text)
    SPI1_IRQHandler                          0x08003163   Thumb Code     0  startup_stm32f10x_hd.o(.text)
    SPI2_IRQHandler                          0x08003163   Thumb Code     0  startup_stm32f10x_hd.o(.text)
    SPI3_IRQHandler                          0x08003163   Thumb Code     0  startup_stm32f10x_hd.o(.text)
    TAMPER_IRQHandler                        0x08003163   Thumb Code     0  startup_stm32f10x_hd.o(.text)
    TIM1_BRK_IRQHandler                      0x08003163   Thumb Code     0  startup_stm32f10x_hd.o(.text)
    TIM1_CC_IRQHandler                       0x08003163   Thumb Code     0  startup_stm32f10x_hd.o(.text)
    TIM1_TRG_COM_IRQHandler                  0x08003163   Thumb Code     0  startup_stm32f10x_hd.o(.text)
    TIM1_UP_IRQHandler                       0x08003163   Thumb Code     0  startup_stm32f10x_hd.o(.text)
    TIM2_IRQHandler                          0x08003163   Thumb Code     0  startup_stm32f10x_hd.o(.text)
    TIM4_IRQHandler                          0x08003163   Thumb Code     0  startup_stm32f10x_hd.o(.text)
    TIM5_IRQHandler                          0x08003163   Thumb Code     0  startup_stm32f10x_hd.o(.text)
    TIM6_IRQHandler                          0x08003163   Thumb Code     0  startup_stm32f10x_hd.o(.text)
    TIM7_IRQHandler                          0x08003163   Thumb Code     0  startup_stm32f10x_hd.o(.text)
    TIM8_BRK_IRQHandler                      0x08003163   Thumb Code     0  startup_stm32f10x_hd.o(.text)
    TIM8_CC_IRQHandler                       0x08003163   Thumb Code     0  startup_stm32f10x_hd.o(.text)
    TIM8_TRG_COM_IRQHandler                  0x08003163   Thumb Code     0  startup_stm32f10x_hd.o(.text)
    TIM8_UP_IRQHandler                       0x08003163   Thumb Code     0  startup_stm32f10x_hd.o(.text)
    UART4_IRQHandler                         0x08003163   Thumb Code     0  startup_stm32f10x_hd.o(.text)
    USART1_IRQHandler                        0x08003163   Thumb Code     0  startup_stm32f10x_hd.o(.text)
    USART2_IRQHandler                        0x08003163   Thumb Code     0  startup_stm32f10x_hd.o(.text)
    USART3_IRQHandler                        0x08003163   Thumb Code     0  startup_stm32f10x_hd.o(.text)
    USBWakeUp_IRQHandler                     0x08003163   Thumb Code     0  startup_stm32f10x_hd.o(.text)
    USB_HP_CAN1_TX_IRQHandler                0x08003163   Thumb Code     0  startup_stm32f10x_hd.o(.text)
    WWDG_IRQHandler                          0x08003163   Thumb Code     0  startup_stm32f10x_hd.o(.text)
    __aeabi_memset                           0x0800316d   Thumb Code    14  memseta.o(.text)
    __aeabi_memset4                          0x0800316d   Thumb Code     0  memseta.o(.text)
    __aeabi_memset8                          0x0800316d   Thumb Code     0  memseta.o(.text)
    __aeabi_memclr                           0x0800317b   Thumb Code     4  memseta.o(.text)
    __aeabi_memclr4                          0x0800317b   Thumb Code     0  memseta.o(.text)
    __aeabi_memclr8                          0x0800317b   Thumb Code     0  memseta.o(.text)
    _memset$wrapper                          0x0800317f   Thumb Code    18  memseta.o(.text)
    __aeabi_fadd                             0x08003191   Thumb Code   164  fadd.o(.text)
    __aeabi_fsub                             0x08003235   Thumb Code     6  fadd.o(.text)
    __aeabi_frsub                            0x0800323b   Thumb Code     6  fadd.o(.text)
    __aeabi_fmul                             0x08003241   Thumb Code   100  fmul.o(.text)
    __aeabi_fdiv                             0x080032a5   Thumb Code   124  fdiv.o(.text)
    __aeabi_i2f                              0x08003321   Thumb Code    18  fflti.o(.text)
    __aeabi_f2iz                             0x08003333   Thumb Code    50  ffixi.o(.text)
    __aeabi_cfrcmple                         0x08003365   Thumb Code    20  cfrcmple.o(.text)
    __I$use$fp                               0x08003379   Thumb Code     0  iusefp.o(.text)
    _float_round                             0x08003379   Thumb Code    18  fepilogue.o(.text)
    _float_epilogue                          0x0800338b   Thumb Code    92  fepilogue.o(.text)
    __scatterload                            0x080033e9   Thumb Code    28  init.o(.text)
    __scatterload_rt2                        0x080033e9   Thumb Code     0  init.o(.text)
    ANTICO_KND_RX_Task                       0x0800340d   Thumb Code   194  antico_knd_method.o(i.ANTICO_KND_RX_Task)
    ANTICO_KND_Send_Task                     0x08003515   Thumb Code   304  antico_knd_method.o(i.ANTICO_KND_Send_Task)
    ANTICO_UpperRX_Task                      0x0800371d   Thumb Code    14  antico_upper.o(i.ANTICO_UpperRX_Task)
    ANTICO_UpperTX_Task                      0x08003731   Thumb Code    14  antico_upper.o(i.ANTICO_UpperTX_Task)
    Bsp_Delay_Init                           0x08003745   Thumb Code    60  delay.o(i.Bsp_Delay_Init)
    Bsp_Delay_MS                             0x0800378d   Thumb Code    10  delay.o(i.Bsp_Delay_MS)
    Bsp_Delay_US                             0x08003799   Thumb Code    48  delay.o(i.Bsp_Delay_US)
    Bsp_GPIO_Pin_Init                        0x080037cd   Thumb Code    14  bsp_gpio_dependency.o(i.Bsp_GPIO_Pin_Init)
    Bsp_IO_Deal_Task                         0x080037db   Thumb Code    18  bsp_gpio_dependency.o(i.Bsp_IO_Deal_Task)
    Bsp_Loading_Config_Parameters            0x080037ed   Thumb Code   260  bsp_loading_dependency.o(i.Bsp_Loading_Config_Parameters)
    Bsp_ModbusRTU_CRC                        0x0800392d   Thumb Code    38  bsp_modbusrtu.o(i.Bsp_ModbusRTU_CRC)
    Bsp_My_IIC_Ack                           0x08003959   Thumb Code    56  myiic.o(i.Bsp_My_IIC_Ack)
    Bsp_My_IIC_Init                          0x08003999   Thumb Code    52  myiic.o(i.Bsp_My_IIC_Init)
    Bsp_My_IIC_NAck                          0x080039d5   Thumb Code    56  myiic.o(i.Bsp_My_IIC_NAck)
    Bsp_My_IIC_Read_Byte                     0x08003a15   Thumb Code   100  myiic.o(i.Bsp_My_IIC_Read_Byte)
    Bsp_My_IIC_Send_Byte                     0x08003a81   Thumb Code    86  myiic.o(i.Bsp_My_IIC_Send_Byte)
    Bsp_My_IIC_Start                         0x08003ae1   Thumb Code    56  myiic.o(i.Bsp_My_IIC_Start)
    Bsp_My_IIC_Stop                          0x08003b21   Thumb Code    64  myiic.o(i.Bsp_My_IIC_Stop)
    Bsp_My_IIC_Wait_Ack                      0x08003b69   Thumb Code    78  myiic.o(i.Bsp_My_IIC_Wait_Ack)
    Bsp_U32ToFloat                           0x08003bc1   Thumb Code     2  bsp_modbusrtu.o(i.Bsp_U32ToFloat)
    Bsp_Uart_Dma_SendCheck                   0x08003bc5   Thumb Code   256  bsp_usart_dependency.o(i.Bsp_Uart_Dma_SendCheck)
    Bsp_Usart_Config_Init                    0x08003ced   Thumb Code   508  bsp_usart_dependency.o(i.Bsp_Usart_Config_Init)
    Bsp_Usart_Usr_SendArray                  0x080042fd   Thumb Code    78  bsp_usart_dependency.o(i.Bsp_Usart_Usr_SendArray)
    Bsp_XorCheck                             0x08004397   Thumb Code    24  bsp_modbusrtu.o(i.Bsp_XorCheck)
    BusFault_Handler                         0x080043af   Thumb Code     2  stm32f10x_it.o(i.BusFault_Handler)
    CAN1_Init                                0x080043b1   Thumb Code   224  bsp_can_dependency.o(i.CAN1_Init)
    CAN1_Node_Hearbeat                       0x08004499   Thumb Code    76  bsp_can_dependency.o(i.CAN1_Node_Hearbeat)
    CAN1_Send_One_Frame_Data                 0x080044e9   Thumb Code    84  bsp_can_dependency.o(i.CAN1_Send_One_Frame_Data)
    CAN1_Start_Node                          0x08004541   Thumb Code    74  bsp_can_dependency.o(i.CAN1_Start_Node)
    CAN_DeInit                               0x08004591   Thumb Code    38  stm32f10x_can.o(i.CAN_DeInit)
    CAN_FilterInit                           0x080045bd   Thumb Code   194  stm32f10x_can.o(i.CAN_FilterInit)
    CAN_ITConfig                             0x08004689   Thumb Code    16  stm32f10x_can.o(i.CAN_ITConfig)
    CAN_Init                                 0x08004699   Thumb Code   232  stm32f10x_can.o(i.CAN_Init)
    CAN_Receive                              0x08004781   Thumb Code   142  stm32f10x_can.o(i.CAN_Receive)
    CAN_StructInit                           0x0800480f   Thumb Code    32  stm32f10x_can.o(i.CAN_StructInit)
    CAN_Transmit                             0x0800482f   Thumb Code   190  stm32f10x_can.o(i.CAN_Transmit)
    CAN_TransmitStatus                       0x080048ed   Thumb Code    88  stm32f10x_can.o(i.CAN_TransmitStatus)
    Ctrl_Cmd_Deal                            0x08004959   Thumb Code    82  bsp_gpio_dependency.o(i.Ctrl_Cmd_Deal)
    DMA1_Channel2_IRQHandler                 0x080049bd   Thumb Code    52  bsp_usart_dependency.o(i.DMA1_Channel2_IRQHandler)
    DMA1_Channel3_IRQHandler                 0x080049fd   Thumb Code    64  bsp_usart_dependency.o(i.DMA1_Channel3_IRQHandler)
    DMA1_Channel4_IRQHandler                 0x08004a49   Thumb Code    56  bsp_usart_dependency.o(i.DMA1_Channel4_IRQHandler)
    DMA1_Channel5_IRQHandler                 0x08004a8d   Thumb Code    64  bsp_usart_dependency.o(i.DMA1_Channel5_IRQHandler)
    DMA1_Channel6_IRQHandler                 0x08004ad9   Thumb Code    64  bsp_usart_dependency.o(i.DMA1_Channel6_IRQHandler)
    DMA1_Channel7_IRQHandler                 0x08004b25   Thumb Code    56  bsp_usart_dependency.o(i.DMA1_Channel7_IRQHandler)
    DMA2_Channel3_IRQHandler                 0x08004b69   Thumb Code    62  bsp_usart_dependency.o(i.DMA2_Channel3_IRQHandler)
    DMA2_Channel4_5_IRQHandler               0x08004bb9   Thumb Code    54  bsp_usart_dependency.o(i.DMA2_Channel4_5_IRQHandler)
    DMA_ClearFlag                            0x08004c01   Thumb Code    16  stm32f10x_dma.o(i.DMA_ClearFlag)
    DMA_Cmd                                  0x08004c19   Thumb Code    22  stm32f10x_dma.o(i.DMA_Cmd)
    DMA_DeInit                               0x08004c31   Thumb Code   218  stm32f10x_dma.o(i.DMA_DeInit)
    DMA_GetCurrDataCounter                   0x08004d15   Thumb Code     6  stm32f10x_dma.o(i.DMA_GetCurrDataCounter)
    DMA_GetFlagStatus                        0x08004d1d   Thumb Code    24  stm32f10x_dma.o(i.DMA_GetFlagStatus)
    DMA_ITConfig                             0x08004d3d   Thumb Code    16  stm32f10x_dma.o(i.DMA_ITConfig)
    DMA_Init                                 0x08004d4d   Thumb Code    58  stm32f10x_dma.o(i.DMA_Init)
    DebugMon_Handler                         0x08004d87   Thumb Code     2  stm32f10x_it.o(i.DebugMon_Handler)
    Encoder_UpperRX_CAN_Task                 0x08004d89   Thumb Code    22  encoder_upper.o(i.Encoder_UpperRX_CAN_Task)
    Encoder_UpperTX_Task                     0x08004da5   Thumb Code    22  encoder_upper.o(i.Encoder_UpperTX_Task)
    Encoder_tbf_CAN_Isr                      0x08004dc1   Thumb Code    92  encoder_tbf_method.o(i.Encoder_tbf_CAN_Isr)
    Encoder_tbf_SendAPI                      0x08004e25   Thumb Code   452  encoder_tbf_method.o(i.Encoder_tbf_SendAPI)
    Encoder_tf_CAN_Isr                       0x08004ff9   Thumb Code    72  encoder_tf_method.o(i.Encoder_tf_CAN_Isr)
    Encoder_tf_SendAPI                       0x08005045   Thumb Code    92  encoder_tf_method.o(i.Encoder_tf_SendAPI)
    FIFO_BuffInit                            0x080050a5   Thumb Code    20  fifo.o(i.FIFO_BuffInit)
    FIFO_ComQueueIn                          0x080050b9   Thumb Code    50  fifo.o(i.FIFO_ComQueueIn)
    FIFO_ComQueueOut                         0x080050ed   Thumb Code   152  fifo.o(i.FIFO_ComQueueOut)
    Fork_Task_Deal                           0x0800519d   Thumb Code    62  motor_fork_method.o(i.Fork_Task_Deal)
    GPIO_Init                                0x080051e9   Thumb Code   156  stm32f10x_gpio.o(i.GPIO_Init)
    GPIO_PinRemapConfig                      0x08005285   Thumb Code    82  stm32f10x_gpio.o(i.GPIO_PinRemapConfig)
    GPIO_ResetBits                           0x080052dd   Thumb Code     4  stm32f10x_gpio.o(i.GPIO_ResetBits)
    GPIO_SetBits                             0x080052e1   Thumb Code     4  stm32f10x_gpio.o(i.GPIO_SetBits)
    HardFault_Handler                        0x080054f1   Thumb Code     2  stm32f10x_it.o(i.HardFault_Handler)
    Lift_Task_Deal                           0x080055a9   Thumb Code   524  motor_lift_method.o(i.Lift_Task_Deal)
    Light_Ctrl                               0x080057cd   Thumb Code   536  bsp_gpio_dependency.o(i.Light_Ctrl)
    MemManage_Handler                        0x080059f5   Thumb Code     2  stm32f10x_it.o(i.MemManage_Handler)
    Motor_TY_CAN_RX_Handler                  0x080059f9   Thumb Code   154  motor_lift_method.o(i.Motor_TY_CAN_RX_Handler)
    Motor_UpperRX_CAN_Handler_Task           0x08005a9d   Thumb Code    22  motor_upper.o(i.Motor_UpperRX_CAN_Handler_Task)
    Motor_UpperTX_Task                       0x08005ab9   Thumb Code    22  motor_upper.o(i.Motor_UpperTX_Task)
    Motor_WC_CAN_RX_Handler                  0x08005ad5   Thumb Code   128  motor_fork_method.o(i.Motor_WC_CAN_RX_Handler)
    Music_Play_Send_API                      0x08005b61   Thumb Code   266  music_method.o(i.Music_Play_Send_API)
    Myiic_init_api                           0x08005c81   Thumb Code     4  myiic_upper.o(i.Myiic_init_api)
    NMI_Handler                              0x08005c85   Thumb Code     2  stm32f10x_it.o(i.NMI_Handler)
    NVIC_Init                                0x08005c89   Thumb Code    94  misc.o(i.NVIC_Init)
    NVIC_PriorityGroupConfig                 0x08005ced   Thumb Code    10  misc.o(i.NVIC_PriorityGroupConfig)
    PLC_Hub_CustomRX_Task                    0x08005d85   Thumb Code   378  plc_hub_custom_method.o(i.PLC_Hub_CustomRX_Task)
    PLC_Hub_CustomTX_Mesg_Ask                0x08006069   Thumb Code   210  plc_hub_custom_method.o(i.PLC_Hub_CustomTX_Mesg_Ask)
    PLC_Hub_UpperRX_Task                     0x0800614d   Thumb Code    18  plc_hub_upper.o(i.PLC_Hub_UpperRX_Task)
    PLC_Hub_UpperTX_Mesg_Task                0x08006165   Thumb Code    18  plc_hub_upper.o(i.PLC_Hub_UpperTX_Mesg_Task)
    PendSV_Handler                           0x0800617d   Thumb Code     2  stm32f10x_it.o(i.PendSV_Handler)
    RCC_AHBPeriphClockCmd                    0x08006181   Thumb Code    18  stm32f10x_rcc.o(i.RCC_AHBPeriphClockCmd)
    RCC_APB1PeriphClockCmd                   0x08006199   Thumb Code    18  stm32f10x_rcc.o(i.RCC_APB1PeriphClockCmd)
    RCC_APB1PeriphResetCmd                   0x080061b1   Thumb Code    18  stm32f10x_rcc.o(i.RCC_APB1PeriphResetCmd)
    RCC_APB2PeriphClockCmd                   0x080061c9   Thumb Code    18  stm32f10x_rcc.o(i.RCC_APB2PeriphClockCmd)
    RCC_GetClocksFreq                        0x080061e1   Thumb Code   132  stm32f10x_rcc.o(i.RCC_GetClocksFreq)
    SVC_Handler                              0x08006275   Thumb Code     2  stm32f10x_it.o(i.SVC_Handler)
    SysTick_CLKSourceConfig                  0x08006321   Thumb Code    24  misc.o(i.SysTick_CLKSourceConfig)
    SysTick_Handler                          0x08006339   Thumb Code   138  delay.o(i.SysTick_Handler)
    SystemInit                               0x080063cd   Thumb Code    64  system_stm32f10x.o(i.SystemInit)
    TIM3_IRQHandler                          0x0800641d   Thumb Code    30  bsp_time_dependency.o(i.TIM3_IRQHandler)
    TIM_ClearITPendingBit                    0x08006441   Thumb Code     6  stm32f10x_tim.o(i.TIM_ClearITPendingBit)
    TIM_GetITStatus                          0x08006447   Thumb Code    24  stm32f10x_tim.o(i.TIM_GetITStatus)
    UART5_IRQHandler                         0x08006461   Thumb Code    84  bsp_usart_dependency.o(i.UART5_IRQHandler)
    USART_ClearFlag                          0x080064c1   Thumb Code     6  stm32f10x_usart.o(i.USART_ClearFlag)
    USART_ClearITPendingBit                  0x080064c7   Thumb Code    12  stm32f10x_usart.o(i.USART_ClearITPendingBit)
    USART_Cmd                                0x080064d3   Thumb Code    20  stm32f10x_usart.o(i.USART_Cmd)
    USART_DMACmd                             0x080064e7   Thumb Code    16  stm32f10x_usart.o(i.USART_DMACmd)
    USART_GetITStatus                        0x080064f7   Thumb Code    62  stm32f10x_usart.o(i.USART_GetITStatus)
    USART_ITConfig                           0x08006535   Thumb Code    48  stm32f10x_usart.o(i.USART_ITConfig)
    USART_Init                               0x08006565   Thumb Code   166  stm32f10x_usart.o(i.USART_Init)
    USART_ReceiveData                        0x08006611   Thumb Code     8  stm32f10x_usart.o(i.USART_ReceiveData)
    USART_SendData                           0x08006619   Thumb Code     8  stm32f10x_usart.o(i.USART_SendData)
    USB_LP_CAN1_RX0_IRQHandler               0x08006621   Thumb Code    48  bsp_can_dependency.o(i.USB_LP_CAN1_RX0_IRQHandler)
    UsageFault_Handler                       0x08006659   Thumb Code     2  stm32f10x_it.o(i.UsageFault_Handler)
    __scatterload_copy                       0x0800665b   Thumb Code    14  handlers.o(i.__scatterload_copy)
    __scatterload_null                       0x08006669   Thumb Code     2  handlers.o(i.__scatterload_null)
    __scatterload_zeroinit                   0x0800666b   Thumb Code    14  handlers.o(i.__scatterload_zeroinit)
    device_m24C64_read                       0x080070d9   Thumb Code    34  myiic_m24c64_method.o(i.device_m24C64_read)
    device_m24C64_write                      0x080070fb   Thumb Code    84  myiic_m24c64_method.o(i.device_m24C64_write)
    main                                     0x080073d9   Thumb Code   142  main.o(i.main)
    myiic_read_24c64_api                     0x08007533   Thumb Code    16  myiic_upper.o(i.myiic_read_24c64_api)
    myiic_write_24c64_api                    0x08007543   Thumb Code    16  myiic_upper.o(i.myiic_write_24c64_api)
    Region$$Table$$Base                      0x080077a0   Number         0  anon$$obj.o(Region$$Table)
    Region$$Table$$Limit                     0x080077c0   Number         0  anon$$obj.o(Region$$Table)
    SystemCoreClock                          0x20000000   Data           4  system_stm32f10x.o(.data)
    AHBPrescTable                            0x20000004   Data          16  system_stm32f10x.o(.data)
    Tick_Time_Stru                           0x20000068   Data          10  delay.o(.bss)
    COM1_Serial                              0x20000074   Data         528  fifo.o(.bss)
    COM2_Serial                              0x20000284   Data         528  fifo.o(.bss)
    COM3_Serial                              0x20000494   Data         528  fifo.o(.bss)
    COM4_Serial                              0x200006a4   Data         528  fifo.o(.bss)
    COM5_Serial                              0x200008b4   Data         528  fifo.o(.bss)
    Serialusart1                             0x20000ac4   Data         528  fifo.o(.bss)
    Serialusart2                             0x20000cd4   Data         528  fifo.o(.bss)
    Serialusart3                             0x20000ee4   Data         528  fifo.o(.bss)
    Serialusart4                             0x200010f4   Data         528  fifo.o(.bss)
    Serialusart5                             0x20001304   Data         528  fifo.o(.bss)
    CAN_RX_Complete_Process                  0x20001514   Data          12  bsp_loading_dependency.o(.bss)
    Usart1_Serial_Stru                       0x20001520   Data         262  bsp_usart_dependency.o(.bss)
    Usart2_Serial_Stru                       0x20001626   Data         262  bsp_usart_dependency.o(.bss)
    Usart3_Serial_Stru                       0x2000172c   Data         262  bsp_usart_dependency.o(.bss)
    Usart4_Serial_Stru                       0x20001832   Data         262  bsp_usart_dependency.o(.bss)
    Usart5_Serial_Stru                       0x20001938   Data         262  bsp_usart_dependency.o(.bss)
    PLC_TO_HUB_Mesg_Stru                     0x20001a3e   Data          82  plc_hub_upper.o(.bss)
    Motor_Lift_Stru                          0x20001a90   Data         131  motor_upper.o(.bss)
    ANTICO_Mesg_Stru                         0x20001b13   Data          46  antico_upper.o(.bss)
    Encoder_Mesg_Stru                        0x20001b41   Data          35  encoder_upper.o(.bss)
    __initial_sp                             0x20002b68   Data           0  startup_stm32f10x_hd.o(STACK)
    iap_boot_flag                            0x2000bff0   Data           4  plc_hub_custom_method.o(.ARM.__AT_0x2000BFF0)



==============================================================================

Memory Map of the image

  Image Entry point : 0x08003131

  Load Region LR_IROM1 (Base: 0x08003000, Size: 0x00004828, Max: 0x0003d000, ABSOLUTE)

    Execution Region ER_IROM1 (Exec base: 0x08003000, Load base: 0x08003000, Size: 0x000047c0, Max: 0x0003d000, ABSOLUTE)

    Exec Addr    Load Addr    Size         Type   Attr      Idx    E Section Name        Object

    0x08003000   0x08003000   0x00000130   Data   RO          531    RESET               startup_stm32f10x_hd.o
    0x08003130   0x08003130   0x00000000   Code   RO         3320  * .ARM.Collect$$$$00000000  mc_w.l(entry.o)
    0x08003130   0x08003130   0x00000004   Code   RO         3349    .ARM.Collect$$$$00000001  mc_w.l(entry2.o)
    0x08003134   0x08003134   0x00000004   Code   RO         3352    .ARM.Collect$$$$00000004  mc_w.l(entry5.o)
    0x08003138   0x08003138   0x00000000   Code   RO         3354    .ARM.Collect$$$$00000008  mc_w.l(entry7b.o)
    0x08003138   0x08003138   0x00000000   Code   RO         3356    .ARM.Collect$$$$0000000A  mc_w.l(entry8b.o)
    0x08003138   0x08003138   0x00000008   Code   RO         3357    .ARM.Collect$$$$0000000B  mc_w.l(entry9a.o)
    0x08003140   0x08003140   0x00000004   Code   RO         3364    .ARM.Collect$$$$0000000E  mc_w.l(entry12b.o)
    0x08003144   0x08003144   0x00000000   Code   RO         3359    .ARM.Collect$$$$0000000F  mc_w.l(entry10a.o)
    0x08003144   0x08003144   0x00000000   Code   RO         3361    .ARM.Collect$$$$00000011  mc_w.l(entry11a.o)
    0x08003144   0x08003144   0x00000004   Code   RO         3350    .ARM.Collect$$$$00002712  mc_w.l(entry2.o)
    0x08003148   0x08003148   0x00000024   Code   RO          532    .text               startup_stm32f10x_hd.o
    0x0800316c   0x0800316c   0x00000024   Code   RO         3325    .text               mc_w.l(memseta.o)
    0x08003190   0x08003190   0x000000b0   Code   RO         3329    .text               mf_w.l(fadd.o)
    0x08003240   0x08003240   0x00000064   Code   RO         3331    .text               mf_w.l(fmul.o)
    0x080032a4   0x080032a4   0x0000007c   Code   RO         3333    .text               mf_w.l(fdiv.o)
    0x08003320   0x08003320   0x00000012   Code   RO         3337    .text               mf_w.l(fflti.o)
    0x08003332   0x08003332   0x00000032   Code   RO         3339    .text               mf_w.l(ffixi.o)
    0x08003364   0x08003364   0x00000014   Code   RO         3347    .text               mf_w.l(cfrcmple.o)
    0x08003378   0x08003378   0x00000000   Code   RO         3369    .text               mc_w.l(iusefp.o)
    0x08003378   0x08003378   0x0000006e   Code   RO         3370    .text               mf_w.l(fepilogue.o)
    0x080033e6   0x080033e6   0x00000002   PAD
    0x080033e8   0x080033e8   0x00000024   Code   RO         3374    .text               mc_w.l(init.o)
    0x0800340c   0x0800340c   0x00000108   Code   RO         3228    i.ANTICO_KND_RX_Task  antico_knd_method.o
    0x08003514   0x08003514   0x00000140   Code   RO         3229    i.ANTICO_KND_Send_Task  antico_knd_method.o
    0x08003654   0x08003654   0x000000c8   Code   RO         3230    i.ANTICO_Read_KND_Data  antico_knd_method.o
    0x0800371c   0x0800371c   0x00000014   Code   RO         3204    i.ANTICO_UpperRX_Task  antico_upper.o
    0x08003730   0x08003730   0x00000014   Code   RO         3205    i.ANTICO_UpperTX_Task  antico_upper.o
    0x08003744   0x08003744   0x00000048   Code   RO          324    i.Bsp_Delay_Init    delay.o
    0x0800378c   0x0800378c   0x0000000a   Code   RO          325    i.Bsp_Delay_MS      delay.o
    0x08003796   0x08003796   0x00000002   PAD
    0x08003798   0x08003798   0x00000034   Code   RO          326    i.Bsp_Delay_US      delay.o
    0x080037cc   0x080037cc   0x0000000e   Code   RO         2344    i.Bsp_GPIO_Pin_Init  bsp_gpio_dependency.o
    0x080037da   0x080037da   0x00000012   Code   RO         2345    i.Bsp_IO_Deal_Task  bsp_gpio_dependency.o
    0x080037ec   0x080037ec   0x00000140   Code   RO         2286    i.Bsp_Loading_Config_Parameters  bsp_loading_dependency.o
    0x0800392c   0x0800392c   0x0000002c   Code   RO         2535    i.Bsp_ModbusRTU_CRC  bsp_modbusrtu.o
    0x08003958   0x08003958   0x00000040   Code   RO          465    i.Bsp_My_IIC_Ack    myiic.o
    0x08003998   0x08003998   0x0000003c   Code   RO          466    i.Bsp_My_IIC_Init   myiic.o
    0x080039d4   0x080039d4   0x00000040   Code   RO          467    i.Bsp_My_IIC_NAck   myiic.o
    0x08003a14   0x08003a14   0x0000006c   Code   RO          468    i.Bsp_My_IIC_Read_Byte  myiic.o
    0x08003a80   0x08003a80   0x00000060   Code   RO          469    i.Bsp_My_IIC_Send_Byte  myiic.o
    0x08003ae0   0x08003ae0   0x00000040   Code   RO          470    i.Bsp_My_IIC_Start  myiic.o
    0x08003b20   0x08003b20   0x00000048   Code   RO          471    i.Bsp_My_IIC_Stop   myiic.o
    0x08003b68   0x08003b68   0x00000058   Code   RO          472    i.Bsp_My_IIC_Wait_Ack  myiic.o
    0x08003bc0   0x08003bc0   0x00000002   Code   RO         2536    i.Bsp_U32ToFloat    bsp_modbusrtu.o
    0x08003bc2   0x08003bc2   0x00000002   PAD
    0x08003bc4   0x08003bc4   0x00000128   Code   RO         2414    i.Bsp_Uart_Dma_SendCheck  bsp_usart_dependency.o
    0x08003cec   0x08003cec   0x00000248   Code   RO         2415    i.Bsp_Usart_Config_Init  bsp_usart_dependency.o
    0x08003f34   0x08003f34   0x00000370   Code   RO         2416    i.Bsp_Usart_DMA_Config  bsp_usart_dependency.o
    0x080042a4   0x080042a4   0x0000001e   Code   RO         2417    i.Bsp_Usart_Dma_Recv_Config  bsp_usart_dependency.o
    0x080042c2   0x080042c2   0x0000001e   Code   RO         2418    i.Bsp_Usart_Dma_Send_Config  bsp_usart_dependency.o
    0x080042e0   0x080042e0   0x0000001c   Code   RO         2419    i.Bsp_Usart_Nvic_Config  bsp_usart_dependency.o
    0x080042fc   0x080042fc   0x00000078   Code   RO         2420    i.Bsp_Usart_Usr_SendArray  bsp_usart_dependency.o
    0x08004374   0x08004374   0x00000022   Code   RO         2421    i.Bsp_Usart_WriteFIFO_Buffer  bsp_usart_dependency.o
    0x08004396   0x08004396   0x00000018   Code   RO         2537    i.Bsp_XorCheck      bsp_modbusrtu.o
    0x080043ae   0x080043ae   0x00000002   Code   RO          187    i.BusFault_Handler  stm32f10x_it.o
    0x080043b0   0x080043b0   0x000000e8   Code   RO         2308    i.CAN1_Init         bsp_can_dependency.o
    0x08004498   0x08004498   0x00000050   Code   RO         2309    i.CAN1_Node_Hearbeat  bsp_can_dependency.o
    0x080044e8   0x080044e8   0x00000058   Code   RO         2310    i.CAN1_Send_One_Frame_Data  bsp_can_dependency.o
    0x08004540   0x08004540   0x00000050   Code   RO         2311    i.CAN1_Start_Node   bsp_can_dependency.o
    0x08004590   0x08004590   0x0000002c   Code   RO         2093    i.CAN_DeInit        stm32f10x_can.o
    0x080045bc   0x080045bc   0x000000cc   Code   RO         2095    i.CAN_FilterInit    stm32f10x_can.o
    0x08004688   0x08004688   0x00000010   Code   RO         2101    i.CAN_ITConfig      stm32f10x_can.o
    0x08004698   0x08004698   0x000000e8   Code   RO         2102    i.CAN_Init          stm32f10x_can.o
    0x08004780   0x08004780   0x0000008e   Code   RO         2105    i.CAN_Receive       stm32f10x_can.o
    0x0800480e   0x0800480e   0x00000020   Code   RO         2108    i.CAN_StructInit    stm32f10x_can.o
    0x0800482e   0x0800482e   0x000000be   Code   RO         2110    i.CAN_Transmit      stm32f10x_can.o
    0x080048ec   0x080048ec   0x0000006c   Code   RO         2111    i.CAN_TransmitStatus  stm32f10x_can.o
    0x08004958   0x08004958   0x00000064   Code   RO         2346    i.Ctrl_Cmd_Deal     bsp_gpio_dependency.o
    0x080049bc   0x080049bc   0x00000040   Code   RO         2422    i.DMA1_Channel2_IRQHandler  bsp_usart_dependency.o
    0x080049fc   0x080049fc   0x0000004c   Code   RO         2423    i.DMA1_Channel3_IRQHandler  bsp_usart_dependency.o
    0x08004a48   0x08004a48   0x00000044   Code   RO         2424    i.DMA1_Channel4_IRQHandler  bsp_usart_dependency.o
    0x08004a8c   0x08004a8c   0x0000004c   Code   RO         2425    i.DMA1_Channel5_IRQHandler  bsp_usart_dependency.o
    0x08004ad8   0x08004ad8   0x0000004c   Code   RO         2426    i.DMA1_Channel6_IRQHandler  bsp_usart_dependency.o
    0x08004b24   0x08004b24   0x00000044   Code   RO         2427    i.DMA1_Channel7_IRQHandler  bsp_usart_dependency.o
    0x08004b68   0x08004b68   0x00000050   Code   RO         2428    i.DMA2_Channel3_IRQHandler  bsp_usart_dependency.o
    0x08004bb8   0x08004bb8   0x00000048   Code   RO         2429    i.DMA2_Channel4_5_IRQHandler  bsp_usart_dependency.o
    0x08004c00   0x08004c00   0x00000018   Code   RO         1312    i.DMA_ClearFlag     stm32f10x_dma.o
    0x08004c18   0x08004c18   0x00000016   Code   RO         1314    i.DMA_Cmd           stm32f10x_dma.o
    0x08004c2e   0x08004c2e   0x00000002   PAD
    0x08004c30   0x08004c30   0x000000e4   Code   RO         1315    i.DMA_DeInit        stm32f10x_dma.o
    0x08004d14   0x08004d14   0x00000006   Code   RO         1316    i.DMA_GetCurrDataCounter  stm32f10x_dma.o
    0x08004d1a   0x08004d1a   0x00000002   PAD
    0x08004d1c   0x08004d1c   0x00000020   Code   RO         1317    i.DMA_GetFlagStatus  stm32f10x_dma.o
    0x08004d3c   0x08004d3c   0x00000010   Code   RO         1319    i.DMA_ITConfig      stm32f10x_dma.o
    0x08004d4c   0x08004d4c   0x0000003a   Code   RO         1320    i.DMA_Init          stm32f10x_dma.o
    0x08004d86   0x08004d86   0x00000002   Code   RO          188    i.DebugMon_Handler  stm32f10x_it.o
    0x08004d88   0x08004d88   0x0000001c   Code   RO         3251    i.Encoder_UpperRX_CAN_Task  encoder_upper.o
    0x08004da4   0x08004da4   0x0000001c   Code   RO         3252    i.Encoder_UpperTX_Task  encoder_upper.o
    0x08004dc0   0x08004dc0   0x00000064   Code   RO         3281    i.Encoder_tbf_CAN_Isr  encoder_tbf_method.o
    0x08004e24   0x08004e24   0x000001d4   Code   RO         3282    i.Encoder_tbf_SendAPI  encoder_tbf_method.o
    0x08004ff8   0x08004ff8   0x0000004c   Code   RO         3302    i.Encoder_tf_CAN_Isr  encoder_tf_method.o
    0x08005044   0x08005044   0x00000060   Code   RO         3303    i.Encoder_tf_SendAPI  encoder_tf_method.o
    0x080050a4   0x080050a4   0x00000014   Code   RO          409    i.FIFO_BuffInit     fifo.o
    0x080050b8   0x080050b8   0x00000032   Code   RO          410    i.FIFO_ComQueueIn   fifo.o
    0x080050ea   0x080050ea   0x00000002   PAD
    0x080050ec   0x080050ec   0x000000b0   Code   RO          411    i.FIFO_ComQueueOut  fifo.o
    0x0800519c   0x0800519c   0x0000004c   Code   RO         3075    i.Fork_Task_Deal    motor_fork_method.o
    0x080051e8   0x080051e8   0x0000009c   Code   RO          578    i.GPIO_Init         stm32f10x_gpio.o
    0x08005284   0x08005284   0x00000058   Code   RO          580    i.GPIO_PinRemapConfig  stm32f10x_gpio.o
    0x080052dc   0x080052dc   0x00000004   Code   RO          585    i.GPIO_ResetBits    stm32f10x_gpio.o
    0x080052e0   0x080052e0   0x00000004   Code   RO          586    i.GPIO_SetBits      stm32f10x_gpio.o
    0x080052e4   0x080052e4   0x0000020c   Code   RO         2347    i.Get_IO_State      bsp_gpio_dependency.o
    0x080054f0   0x080054f0   0x00000002   Code   RO          189    i.HardFault_Handler  stm32f10x_it.o
    0x080054f2   0x080054f2   0x00000002   PAD
    0x080054f4   0x080054f4   0x000000b4   Code   RO         2348    i.Input_Init        bsp_gpio_dependency.o
    0x080055a8   0x080055a8   0x00000224   Code   RO         3170    i.Lift_Task_Deal    motor_lift_method.o
    0x080057cc   0x080057cc   0x00000228   Code   RO         2349    i.Light_Ctrl        bsp_gpio_dependency.o
    0x080059f4   0x080059f4   0x00000002   Code   RO          190    i.MemManage_Handler  stm32f10x_it.o
    0x080059f6   0x080059f6   0x00000002   PAD
    0x080059f8   0x080059f8   0x000000a4   Code   RO         3171    i.Motor_TY_CAN_RX_Handler  motor_lift_method.o
    0x08005a9c   0x08005a9c   0x0000001c   Code   RO         3039    i.Motor_UpperRX_CAN_Handler_Task  motor_upper.o
    0x08005ab8   0x08005ab8   0x0000001c   Code   RO         3041    i.Motor_UpperTX_Task  motor_upper.o
    0x08005ad4   0x08005ad4   0x0000008c   Code   RO         3076    i.Motor_WC_CAN_RX_Handler  motor_fork_method.o
    0x08005b60   0x08005b60   0x00000120   Code   RO         3021    i.Music_Play_Send_API  music_method.o
    0x08005c80   0x08005c80   0x00000004   Code   RO         2574    i.Myiic_init_api    myiic_upper.o
    0x08005c84   0x08005c84   0x00000002   Code   RO          191    i.NMI_Handler       stm32f10x_it.o
    0x08005c86   0x08005c86   0x00000002   PAD
    0x08005c88   0x08005c88   0x00000064   Code   RO          536    i.NVIC_Init         misc.o
    0x08005cec   0x08005cec   0x00000014   Code   RO          537    i.NVIC_PriorityGroupConfig  misc.o
    0x08005d00   0x08005d00   0x00000084   Code   RO         2350    i.Output_Init       bsp_gpio_dependency.o
    0x08005d84   0x08005d84   0x000001d4   Code   RO         2803    i.PLC_Hub_CustomRX_Task  plc_hub_custom_method.o
    0x08005f58   0x08005f58   0x00000110   Code   RO         2804    i.PLC_Hub_CustomReadData  plc_hub_custom_method.o
    0x08006068   0x08006068   0x000000e4   Code   RO         2805    i.PLC_Hub_CustomTX_Mesg_Ask  plc_hub_custom_method.o
    0x0800614c   0x0800614c   0x00000018   Code   RO         2771    i.PLC_Hub_UpperRX_Task  plc_hub_upper.o
    0x08006164   0x08006164   0x00000018   Code   RO         2772    i.PLC_Hub_UpperTX_Mesg_Task  plc_hub_upper.o
    0x0800617c   0x0800617c   0x00000002   Code   RO          192    i.PendSV_Handler    stm32f10x_it.o
    0x0800617e   0x0800617e   0x00000002   PAD
    0x08006180   0x08006180   0x00000018   Code   RO          711    i.RCC_AHBPeriphClockCmd  stm32f10x_rcc.o
    0x08006198   0x08006198   0x00000018   Code   RO          712    i.RCC_APB1PeriphClockCmd  stm32f10x_rcc.o
    0x080061b0   0x080061b0   0x00000018   Code   RO          713    i.RCC_APB1PeriphResetCmd  stm32f10x_rcc.o
    0x080061c8   0x080061c8   0x00000018   Code   RO          714    i.RCC_APB2PeriphClockCmd  stm32f10x_rcc.o
    0x080061e0   0x080061e0   0x00000094   Code   RO          722    i.RCC_GetClocksFreq  stm32f10x_rcc.o
    0x08006274   0x08006274   0x00000002   Code   RO          193    i.SVC_Handler       stm32f10x_it.o
    0x08006276   0x08006276   0x00000002   PAD
    0x08006278   0x08006278   0x000000a8   Code   RO          270    i.SetSysClockTo72   system_stm32f10x.o
    0x08006320   0x08006320   0x00000018   Code   RO          540    i.SysTick_CLKSourceConfig  misc.o
    0x08006338   0x08006338   0x00000094   Code   RO          327    i.SysTick_Handler   delay.o
    0x080063cc   0x080063cc   0x00000050   Code   RO          272    i.SystemInit        system_stm32f10x.o
    0x0800641c   0x0800641c   0x00000024   Code   RO         2396    i.TIM3_IRQHandler   bsp_time_dependency.o
    0x08006440   0x08006440   0x00000006   Code   RO         1393    i.TIM_ClearITPendingBit  stm32f10x_tim.o
    0x08006446   0x08006446   0x00000018   Code   RO         1419    i.TIM_GetITStatus   stm32f10x_tim.o
    0x0800645e   0x0800645e   0x00000002   PAD
    0x08006460   0x08006460   0x00000060   Code   RO         2430    i.UART5_IRQHandler  bsp_usart_dependency.o
    0x080064c0   0x080064c0   0x00000006   Code   RO          910    i.USART_ClearFlag   stm32f10x_usart.o
    0x080064c6   0x080064c6   0x0000000c   Code   RO          911    i.USART_ClearITPendingBit  stm32f10x_usart.o
    0x080064d2   0x080064d2   0x00000014   Code   RO          914    i.USART_Cmd         stm32f10x_usart.o
    0x080064e6   0x080064e6   0x00000010   Code   RO          915    i.USART_DMACmd      stm32f10x_usart.o
    0x080064f6   0x080064f6   0x0000003e   Code   RO          918    i.USART_GetITStatus  stm32f10x_usart.o
    0x08006534   0x08006534   0x00000030   Code   RO          920    i.USART_ITConfig    stm32f10x_usart.o
    0x08006564   0x08006564   0x000000ac   Code   RO          921    i.USART_Init        stm32f10x_usart.o
    0x08006610   0x08006610   0x00000008   Code   RO          928    i.USART_ReceiveData  stm32f10x_usart.o
    0x08006618   0x08006618   0x00000008   Code   RO          931    i.USART_SendData    stm32f10x_usart.o
    0x08006620   0x08006620   0x00000038   Code   RO         2312    i.USB_LP_CAN1_RX0_IRQHandler  bsp_can_dependency.o
    0x08006658   0x08006658   0x00000002   Code   RO          194    i.UsageFault_Handler  stm32f10x_it.o
    0x0800665a   0x0800665a   0x0000000e   Code   RO         3380    i.__scatterload_copy  mc_w.l(handlers.o)
    0x08006668   0x08006668   0x00000002   Code   RO         3381    i.__scatterload_null  mc_w.l(handlers.o)
    0x0800666a   0x0800666a   0x0000000e   Code   RO         3382    i.__scatterload_zeroinit  mc_w.l(handlers.o)
    0x08006678   0x08006678   0x000002e4   Code   RO         3077    i._fork_action_task  motor_fork_method.o
    0x0800695c   0x0800695c   0x0000019c   Code   RO         3078    i._fork_can_send_step  motor_fork_method.o
    0x08006af8   0x08006af8   0x0000003a   Code   RO         3079    i._fork_canopen_senddata  motor_fork_method.o
    0x08006b32   0x08006b32   0x00000002   PAD
    0x08006b34   0x08006b34   0x000000c4   Code   RO         3080    i._fork_err_check   motor_fork_method.o
    0x08006bf8   0x08006bf8   0x000002bc   Code   RO         3172    i._lift_can_send_step  motor_lift_method.o
    0x08006eb4   0x08006eb4   0x0000003e   Code   RO         3173    i._lift_canopen_senddata  motor_lift_method.o
    0x08006ef2   0x08006ef2   0x00000002   PAD
    0x08006ef4   0x08006ef4   0x000001e4   Code   RO         3174    i._lift_err_check   motor_lift_method.o
    0x080070d8   0x080070d8   0x00000022   Code   RO         2604    i.device_m24C64_read  myiic_m24c64_method.o
    0x080070fa   0x080070fa   0x00000054   Code   RO         2605    i.device_m24C64_write  myiic_m24c64_method.o
    0x0800714e   0x0800714e   0x00000002   PAD
    0x08007150   0x08007150   0x00000024   Code   RO         3081    i.fork_all_operation_enabled  motor_fork_method.o
    0x08007174   0x08007174   0x00000084   Code   RO         3082    i.fork_apply_soft_limit_speed  motor_fork_method.o
    0x080071f8   0x080071f8   0x0000001e   Code   RO         3083    i.fork_float_to_s32  motor_fork_method.o
    0x08007216   0x08007216   0x0000001a   Code   RO         3084    i.fork_get_drv_speed_step_by_rpm  motor_fork_method.o
    0x08007230   0x08007230   0x0000001c   Code   RO         3085    i.fork_get_pos_remain_by_dir  motor_fork_method.o
    0x0800724c   0x0800724c   0x00000010   Code   RO         3086    i.fork_is_operation_enabled  motor_fork_method.o
    0x0800725c   0x0800725c   0x00000010   Code   RO         3087    i.fork_limit_s32    motor_fork_method.o
    0x0800726c   0x0800726c   0x00000032   Code   RO         3088    i.fork_linear_rpm_by_dist  motor_fork_method.o
    0x0800729e   0x0800729e   0x00000002   PAD
    0x080072a0   0x080072a0   0x00000060   Code   RO         3089    i.fork_motor_rpm_to_drv_s32  motor_fork_method.o
    0x08007300   0x08007300   0x000000cc   Code   RO         3090    i.fork_sync_speed   motor_fork_method.o
    0x080073cc   0x080073cc   0x0000000a   Code   RO         3091    i.fork_valid_float  motor_fork_method.o
    0x080073d6   0x080073d6   0x00000002   PAD
    0x080073d8   0x080073d8   0x000000a4   Code   RO            1    i.main              main.o
    0x0800747c   0x0800747c   0x000000b6   Code   RO         3022    i.music_com_read_buf  music_method.o
    0x08007532   0x08007532   0x00000010   Code   RO         2575    i.myiic_read_24c64_api  myiic_upper.o
    0x08007542   0x08007542   0x00000010   Code   RO         2576    i.myiic_write_24c64_api  myiic_upper.o
    0x08007552   0x08007552   0x00000044   Code   RO         2607    i.prv_M24C64ReadOneByte  myiic_m24c64_method.o
    0x08007596   0x08007596   0x00000200   Data   RO         2538    .constdata          bsp_modbusrtu.o
    0x08007796   0x08007796   0x00000002   PAD
    0x08007798   0x08007798   0x00000008   Data   RO         3283    .constdata          encoder_tbf_method.o
    0x080077a0   0x080077a0   0x00000020   Data   RO         3378    Region$$Table       anon$$obj.o


    Execution Region RW_IRAM1 (Exec base: 0x20000000, Load base: 0x080077c0, Size: 0x00002b68, Max: 0x0000bff0, ABSOLUTE)

    Exec Addr    Load Addr    Size         Type   Attr      Idx    E Section Name        Object

    0x20000000   0x080077c0   0x00000014   Data   RW          273    .data               system_stm32f10x.o
    0x20000014   0x080077d4   0x00000004   Data   RW          329    .data               delay.o
    0x20000018   0x080077d8   0x00000014   Data   RW          742    .data               stm32f10x_rcc.o
    0x2000002c   0x080077ec   0x00000004   Data   RW         2351    .data               bsp_gpio_dependency.o
    0x20000030   0x080077f0   0x00000002   Data   RW         3023    .data               music_method.o
    0x20000032   0x080077f2   0x00000002   PAD
    0x20000034   0x080077f4   0x00000018   Data   RW         3092    .data               motor_fork_method.o
    0x2000004c   0x0800780c   0x0000001a   Data   RW         3175    .data               motor_lift_method.o
    0x20000066   0x08007826   0x00000002   Data   RW         3284    .data               encoder_tbf_method.o
    0x20000068        -       0x0000000a   Zero   RW          328    .bss                delay.o
    0x20000072   0x08007828   0x00000002   PAD
    0x20000074        -       0x00000840   Zero   RW          412    .bss                fifo.o
    0x200008b4        -       0x00000210   Zero   RW          413    .bss                fifo.o
    0x20000ac4        -       0x00000210   Zero   RW          415    .bss                fifo.o
    0x20000cd4        -       0x00000210   Zero   RW          416    .bss                fifo.o
    0x20000ee4        -       0x00000210   Zero   RW          417    .bss                fifo.o
    0x200010f4        -       0x00000210   Zero   RW          418    .bss                fifo.o
    0x20001304        -       0x00000210   Zero   RW          419    .bss                fifo.o
    0x20001514        -       0x0000000c   Zero   RW         2287    .bss                bsp_loading_dependency.o
    0x20001520        -       0x00000106   Zero   RW         2432    .bss                bsp_usart_dependency.o
    0x20001626        -       0x00000106   Zero   RW         2433    .bss                bsp_usart_dependency.o
    0x2000172c        -       0x00000106   Zero   RW         2434    .bss                bsp_usart_dependency.o
    0x20001832        -       0x00000106   Zero   RW         2435    .bss                bsp_usart_dependency.o
    0x20001938        -       0x00000106   Zero   RW         2436    .bss                bsp_usart_dependency.o
    0x20001a3e        -       0x00000052   Zero   RW         2773    .bss                plc_hub_upper.o
    0x20001a90        -       0x00000083   Zero   RW         3042    .bss                motor_upper.o
    0x20001b13        -       0x0000002e   Zero   RW         3206    .bss                antico_upper.o
    0x20001b41        -       0x00000023   Zero   RW         3253    .bss                encoder_upper.o
    0x20001b64   0x08007828   0x00000004   PAD
    0x20001b68        -       0x00001000   Zero   RW          529    STACK               startup_stm32f10x_hd.o


    Execution Region RW_IRAM2 (Exec base: 0x2000bff0, Load base: 0x08007828, Size: 0x00000004, Max: 0x00000010, ABSOLUTE, UNINIT)

    Exec Addr    Load Addr    Size         Type   Attr      Idx    E Section Name        Object

    0x2000bff0        -       0x00000004   Zero   RW         2806    .ARM.__AT_0x2000BFF0  plc_hub_custom_method.o


==============================================================================

Image component sizes


      Code (inc. data)   RO Data    RW Data    ZI Data      Debug   Object Name

       784         90          0          0          0       2832   antico_knd_method.o
        40         12          0          0         46       2271   antico_upper.o
       536         30          0          0          0       4363   bsp_can_dependency.o
      1520        116          0          4          0       5184   bsp_gpio_dependency.o
       320         60          0          0         12       1914   bsp_loading_dependency.o
        70          6        512          0          0       2476   bsp_modbusrtu.o
        36          6          0          0          0        514   bsp_time_dependency.o
      2678        338          0          0       1310      13649   bsp_usart_dependency.o
       282         26          0          4         10       3082   delay.o
       568         24          8          2          0       2396   encoder_tbf_method.o
       172          8          0          0          0       1462   encoder_tf_method.o
        56         12          0          0         35       2486   encoder_upper.o
       246         24          0          0       5280       3625   fifo.o
       164         22          0          0          0     273512   main.o
       144         16          0          0          0       2081   misc.o
      2266        112          0         24          0      14923   motor_fork_method.o
      1958         80          0         26          0       4767   motor_lift_method.o
        56         12          0          0        131       3568   motor_upper.o
       470         22          0          2          0       2098   music_method.o
       616         68          0          0          0       4354   myiic.o
       186          0          0          0          0       2415   myiic_m24c64_method.o
        36          0          0          0          0       1960   myiic_upper.o
       968        108          0          0          4      18587   plc_hub_custom_method.o
        48         12          0          0         82       3634   plc_hub_upper.o
        36          8        304          0       4096        784   startup_stm32f10x_hd.o
       968         36          0          0          0       6603   stm32f10x_can.o
       386         26          0          0          0       5866   stm32f10x_dma.o
       252          6          0          0          0       3902   stm32f10x_gpio.o
        16          0          0          0          0       3260   stm32f10x_it.o
       244         40          0         20          0       5667   stm32f10x_rcc.o
        30          0          0          0          0       2593   stm32f10x_tim.o
       352          6          0          0          0       7454   stm32f10x_usart.o
         0          0          0          0          0         32   sys.o
       248         24          0         20          0       1713   system_stm32f10x.o

    ----------------------------------------------------------------------
     16784       1350        858        104      11012     416027   Object Totals
         0          0         32          0          0          0   (incl. Generated)
        32          0          2          2          6          0   (incl. Padding)

    ----------------------------------------------------------------------

      Code (inc. data)   RO Data    RW Data    ZI Data      Debug   Library Member Name

         0          0          0          0          0          0   entry.o
         0          0          0          0          0          0   entry10a.o
         0          0          0          0          0          0   entry11a.o
         4          0          0          0          0          0   entry12b.o
         8          4          0          0          0          0   entry2.o
         4          0          0          0          0          0   entry5.o
         0          0          0          0          0          0   entry7b.o
         0          0          0          0          0          0   entry8b.o
         8          4          0          0          0          0   entry9a.o
        30          0          0          0          0          0   handlers.o
        36          8          0          0          0         68   init.o
         0          0          0          0          0          0   iusefp.o
        36          0          0          0          0        108   memseta.o
        20          0          0          0          0         68   cfrcmple.o
       176          0          0          0          0        140   fadd.o
       124          0          0          0          0         88   fdiv.o
       110          0          0          0          0        168   fepilogue.o
        50          0          0          0          0         68   ffixi.o
        18          0          0          0          0         68   fflti.o
       100          0          0          0          0         76   fmul.o

    ----------------------------------------------------------------------
       726         16          0          0          0        852   Library Totals
         2          0          0          0          0          0   (incl. Padding)

    ----------------------------------------------------------------------

      Code (inc. data)   RO Data    RW Data    ZI Data      Debug   Library Name

       126         16          0          0          0        176   mc_w.l
       598          0          0          0          0        676   mf_w.l

    ----------------------------------------------------------------------
       726         16          0          0          0        852   Library Totals

    ----------------------------------------------------------------------

==============================================================================


      Code (inc. data)   RO Data    RW Data    ZI Data      Debug   

     17510       1366        858        104      11012     409283   Grand Totals
     17510       1366        858        104      11012     409283   ELF Image Totals
     17510       1366        858        104          0          0   ROM Totals

==============================================================================

    Total RO  Size (Code + RO Data)                18368 (  17.94kB)
    Total RW  Size (RW Data + ZI Data)             11116 (  10.86kB)
    Total ROM Size (Code + RO Data + RW Data)      18472 (  18.04kB)

==============================================================================

