<html>
<body>
<pre>
<h1>µVision Build Log</h1>
<h2>Tool Versions:</h2>
IDE-Version: ¦ÌVision V5.36.0.0
Copyright (C) 2021 ARM Ltd and ARM Germany GmbH. All rights reserved.
License Information: 11 1225735044@qq.com, 1, LIC=BUURY-IJQUT-DY7V3-A069B-47UGN-6GRAL
 
Tool Versions:
Toolchain:       MDK-ARM Plus  Version: 5.36.0.0
Toolchain Path:  D:\Keil-MDK\Keil\ARM\ARMCC\Bin
C Compiler:      Armcc.exe V5.06 update 7 (build 960)
Assembler:       Armasm.exe V5.06 update 7 (build 960)
Linker/Locator:  ArmLink.exe V5.06 update 7 (build 960)
Library Manager: ArmAr.exe V5.06 update 7 (build 960)
Hex Converter:   FromElf.exe V5.06 update 7 (build 960)
CPU DLL:         SARMCM3.DLL V5.36.0.0
Dialog DLL:      DARMSTM.DLL V1.68.0.0
Target DLL:      STLink\ST-LINKIII-KEIL_SWO.dll V3.0.9.0
Dialog DLL:      TARMSTM.DLL V1.66.0.0
 
<h2>Project:</h2>
D:\Code_Study\Ç±²æ\´Ó\´Ó°å³ÌÐò_IAP_Ç±²æ20260519\USER\hx_mcu_slave_pro.uvprojx
Project File Date:  06/30/2026

<h2>Output:</h2>
*** Using Compiler 'V5.06 update 7 (build 960)', folder: 'D:\Keil-MDK\Keil\ARM\ARMCC\Bin'
*** Note: Rebuilding project, since 'Options->Output->Create Batch File' is selected.
Rebuild target 'MCU_SlaveProject'
compiling main.c...
compiling stm32f10x_it.c...
compiling system_stm32f10x.c...
compiling public_def_type.c...
compiling delay.c...
compiling sys.c...
compiling FIFO.c...
compiling iwdg.c...
compiling myiic.c...
compiling core_cm3.c...
assembling startup_stm32f10x_hd.s...
compiling misc.c...
compiling stm32f10x_gpio.c...
compiling stm32f10x_dbgmcu.c...
compiling stm32f10x_rcc.c...
compiling stm32f10x_usart.c...
compiling stm32f10x_adc.c...
compiling stm32f10x_dma.c...
compiling stm32f10x_tim.c...
compiling stm32f10x_flash.c...
compiling stm32f10x_can.c...
compiling stm32f10x_iwdg.c...
compiling bsp_loading_dependency.c...
compiling bsp_can_dependency.c...
compiling bsp_gpio_dependency.c...
compiling bsp_time_dependency.c...
compiling bsp_usart_dependency.c...
compiling bsp_modbusrtu.c...
compiling myiic_upper.c...
compiling myiic_m24c64_method.c...
compiling magnet_sensor_upper.c...
compiling magnet_mpls_sensor_method.c...
compiling magnet_xs_sensor_method.c...
compiling magnet_lg_sensor_method.c...
compiling plc_hub_upper.c...
compiling plc_hub_custom_method.c...
compiling host_hub_cc_method.c...
compiling rfid_upper.c...
compiling rfid_xs_method.c...
compiling rfid_bjf_method.c...
compiling rfid_xmz_method.c...
compiling rfid_ck_method.c...
compiling rfid_lg_method.c...
compiling music_method.c...
compiling motor_upper.c...
compiling motor_fork_method.c...
compiling motor_lift_method.c...
compiling antico_upper.c...
compiling antico_knd_method.c...
compiling encoder_upper.c...
compiling encoder_tbf_method.c...
compiling encoder_tf_method.c...
linking...
Program Size: Code=17510 RO-data=858 RW-data=104 ZI-data=11012  
FromELF: creating hex file...
After Build - User command #1: fromelf --bin -o "..\OBJ\m3_slave_fork_app_v101.bin" "..\OBJ\m3_slave_fork_app_v101.axf"
"..\OBJ\m3_slave_fork_app_v101.axf" - 0 Error(s), 0 Warning(s).

<h2>Software Packages used:</h2>

Package Vendor: ARM
                http://www.keil.com/pack/ARM.CMSIS.5.8.0.pack
                ARM.CMSIS.5.8.0
                CMSIS (Common Microcontroller Software Interface Standard)
   * Component: CORE Version: 5.5.0

Package Vendor: Keil
                https://www.keil.com/pack/Keil.STM32F1xx_DFP.2.4.1.pack
                Keil.STM32F1xx_DFP.2.4.1
                STMicroelectronics STM32F1 Series Device Support, Drivers and Examples

<h2>Collection of Component include folders:</h2>
  .\RTE\_MCU_SlaveProject
  D:\Keil-MDK\Packs\ARM\CMSIS\5.8.0\CMSIS\Core\Include
  D:\Keil-MDK\Packs\Keil\STM32F1xx_DFP\2.4.1\Device\Include

<h2>Collection of Component Files used:</h2>

   * Component: ARM::CMSIS:CORE:5.5.0
Build Time Elapsed:  00:00:13
</pre>
</body>
</html>
